Archive member included to satisfy reference by file (symbol)

.pio\build\uno_r4_wifi\libef4\libWire.a(Wire.cpp.o)
                              .pio\build\uno_r4_wifi\src\main.cpp.o (TwoWire::endTransmission())
.pio\build\uno_r4_wifi\libFrameworkArduinoVariant.a(common_data.c.o)
                              .pio\build\uno_r4_wifi\libef4\libWire.a(Wire.cpp.o) (g_ioport_ctrl)
.pio\build\uno_r4_wifi\libFrameworkArduinoVariant.a(main.c.o)
                              c:/users/minif/.platformio/packages/toolchain-gccarmnoneeabi/bin/../lib/gcc/arm-none-eabi/7.2.1/../../../../arm-none-eabi/lib/thumb/v7e-m/fpv4-sp/hard/crt0.o (main)
.pio\build\uno_r4_wifi\libFrameworkArduinoVariant.a(pin_data.c.o)
                              .pio\build\uno_r4_wifi\libFrameworkArduinoVariant.a(common_data.c.o) (g_bsp_pin_cfg)
.pio\build\uno_r4_wifi\libFrameworkArduinoVariant.a(variant.cpp.o)
                              .pio\build\uno_r4_wifi\libef4\libWire.a(Wire.cpp.o) (PINCOUNT_fn)
.pio\build\uno_r4_wifi\libFrameworkArduino.a(FspTimer.cpp.o)
                              .pio\build\uno_r4_wifi\libFrameworkArduinoVariant.a(variant.cpp.o) (FspTimer::gpt_used_channel)
.pio\build\uno_r4_wifi\libFrameworkArduino.a(IRQManager.cpp.o)
                              .pio\build\uno_r4_wifi\libef4\libWire.a(Wire.cpp.o) (IRQManager::getInstance())
.pio\build\uno_r4_wifi\libFrameworkArduino.a(Serial.cpp.o)
                              .pio\build\uno_r4_wifi\src\main.cpp.o (UART::begin(unsigned long))
.pio\build\uno_r4_wifi\libFrameworkArduino.a(SerialObj1.cpp.o)
                              .pio\build\uno_r4_wifi\src\main.cpp.o (_UART1_)
.pio\build\uno_r4_wifi\libFrameworkArduino.a(analog.cpp.o)
                              .pio\build\uno_r4_wifi\libFrameworkArduino.a(FspTimer.cpp.o) (__get_timer_for_channel(int))
.pio\build\uno_r4_wifi\libFrameworkArduino.a(Common.cpp.o)
                              .pio\build\uno_r4_wifi\libFrameworkArduino.a(analog.cpp.o) (map(long, long, long, long, long))
.pio\build\uno_r4_wifi\libFrameworkArduino.a(Print.cpp.o)
                              .pio\build\uno_r4_wifi\libFrameworkArduino.a(Serial.cpp.o) (arduino::Print::write(unsigned char const*, unsigned int))
.pio\build\uno_r4_wifi\libFrameworkArduino.a(Stream.cpp.o)
                              .pio\build\uno_r4_wifi\src\main.cpp.o (arduino::Stream::readStringUntil(char))
.pio\build\uno_r4_wifi\libFrameworkArduino.a(String.cpp.o)
                              .pio\build\uno_r4_wifi\src\main.cpp.o (arduino::String::~String())
.pio\build\uno_r4_wifi\libFrameworkArduino.a(dac.cpp.o)
                              .pio\build\uno_r4_wifi\libFrameworkArduino.a(analog.cpp.o) (CDac::analogWrite(int))
.pio\build\uno_r4_wifi\libFrameworkArduino.a(digital.cpp.o)
                              .pio\build\uno_r4_wifi\libFrameworkArduinoVariant.a(variant.cpp.o) (pinMode)
.pio\build\uno_r4_wifi\libFrameworkArduino.a(itoa.c.o)
                              .pio\build\uno_r4_wifi\libFrameworkArduino.a(String.cpp.o) (dtostrf)
.pio\build\uno_r4_wifi\libFrameworkArduino.a(main.cpp.o)
                              .pio\build\uno_r4_wifi\libFrameworkArduinoVariant.a(main.c.o) (hal_entry)
.pio\build\uno_r4_wifi\libFrameworkArduino.a(pinDefinitions.cpp.o)
                              .pio\build\uno_r4_wifi\libFrameworkArduino.a(analog.cpp.o) (pinPeripheral(e_bsp_io_port_pin_t, unsigned long))
.pio\build\uno_r4_wifi\libFrameworkArduino.a(pwm.cpp.o)
                              .pio\build\uno_r4_wifi\libFrameworkArduino.a(analog.cpp.o) (PwmOut::PwmOut(int))
.pio\build\uno_r4_wifi\libFrameworkArduino.a(time.cpp.o)
                              .pio\build\uno_r4_wifi\libFrameworkArduino.a(analog.cpp.o) (delayMicroseconds)
.pio\build\uno_r4_wifi\libFrameworkArduino.a(variant_helper.cpp.o)
                              .pio\build\uno_r4_wifi\libef4\libWire.a(Wire.cpp.o) (getPinCfgs(unsigned char, PinCfgReq_t))
.pio\build\uno_r4_wifi\libFrameworkArduino.a(vector_table.c.o)
                              .pio\build\uno_r4_wifi\libFrameworkArduino.a(main.cpp.o) (g_vector_table)
.pio\build\uno_r4_wifi\libFrameworkArduino.a(cm_backtrace.c.o)
                              .pio\build\uno_r4_wifi\libFrameworkArduino.a(main.cpp.o) (cm_backtrace_init)
.pio\build\uno_r4_wifi\libFrameworkArduino.a(cortex_handlers.c.o)
                              .pio\build\uno_r4_wifi\libFrameworkArduino.a(main.cpp.o) (Stacktrace_Handler)
C:\Users\minif\.platformio\packages\framework-arduinorenesas-uno\variants\UNOWIFIR4\libs\libfsp.a(r_spi.o)
                              .pio\build\uno_r4_wifi\libFrameworkArduino.a(IRQManager.cpp.o) (spi_rxi_isr)
C:\Users\minif\.platformio\packages\framework-arduinorenesas-uno\variants\UNOWIFIR4\libs\libfsp.a(r_sci_uart.o)
                              .pio\build\uno_r4_wifi\libFrameworkArduino.a(Serial.cpp.o) (R_SCI_UART_Write)
C:\Users\minif\.platformio\packages\framework-arduinorenesas-uno\variants\UNOWIFIR4\libs\libfsp.a(r_sci_spi.o)
[...]
Memory Configuration

Name             Origin             Length             Attributes
FLASH            0x00004000         0x0003c000         xr
RAM              0x20000000         0x00008000         xrw
DATA_FLASH       0x40100000         0x00002000         xr
OPTION_SETTING   0x00000000         0x00000000         r
OPTION_SETTING_S 0x00000000         0x00000000         r
ID_CODE          0x01010018         0x00000020         xr
*default*        0x00000000         0xffffffff

Linker script and memory map

LOAD c:/users/minif/.platformio/packages/toolchain-gccarmnoneeabi/bin/../lib/gcc/arm-none-eabi/7.2.1/thumb/v7e-m/fpv4-sp/hard/crti.o
LOAD c:/users/minif/.platformio/packages/toolchain-gccarmnoneeabi/bin/../lib/gcc/arm-none-eabi/7.2.1/thumb/v7e-m/fpv4-sp/hard/crtbegin.o
LOAD c:/users/minif/.platformio/packages/toolchain-gccarmnoneeabi/bin/../lib/gcc/arm-none-eabi/7.2.1/../../../../arm-none-eabi/lib/thumb/v7e-m/fpv4-sp/hard/crt0.o
LOAD .pio\build\uno_r4_wifi\src\main.cpp.o
START GROUP
LOAD .pio\build\uno_r4_wifi\libef4\libWire.a
LOAD .pio\build\uno_r4_wifi\libFrameworkArduinoVariant.a
LOAD .pio\build\uno_r4_wifi\libFrameworkArduino.a
LOAD C:\Users\minif\.platformio\packages\framework-arduinorenesas-uno\variants\UNOWIFIR4\libs\libfsp.a
LOAD c:/users/minif/.platformio/packages/toolchain-gccarmnoneeabi/bin/../lib/gcc/arm-none-eabi/7.2.1/../../../../arm-none-eabi/lib/thumb/v7e-m/fpv4-sp/hard\libstdc++_nano.a
LOAD c:/users/minif/.platformio/packages/toolchain-gccarmnoneeabi/bin/../lib/gcc/arm-none-eabi/7.2.1/../../../../arm-none-eabi/lib/thumb/v7e-m/fpv4-sp/hard\libsupc++_nano.a
LOAD c:/users/minif/.platformio/packages/toolchain-gccarmnoneeabi/bin/../lib/gcc/arm-none-eabi/7.2.1/thumb/v7e-m/fpv4-sp/hard\libgcc.a
LOAD c:/users/minif/.platformio/packages/toolchain-gccarmnoneeabi/bin/../lib/gcc/arm-none-eabi/7.2.1/../../../../arm-none-eabi/lib/thumb/v7e-m/fpv4-sp/hard\libnosys.a
END GROUP
LOAD c:/users/minif/.platformio/packages/toolchain-gccarmnoneeabi/bin/../lib/gcc/arm-none-eabi/7.2.1/../../../../arm-none-eabi/lib/thumb/v7e-m/fpv4-sp/hard\libstdc++_nano.a
LOAD c:/users/minif/.platformio/packages/toolchain-gccarmnoneeabi/bin/../lib/gcc/arm-none-eabi/7.2.1/../../../../arm-none-eabi/lib/thumb/v7e-m/fpv4-sp/hard\libm.a
LOAD c:/users/minif/.platformio/packages/toolchain-gccarmnoneeabi/bin/../lib/gcc/arm-none-eabi/7.2.1/../../../../arm-none-eabi/lib/thumb/v7e-m/fpv4-sp/hard\libc_nano.a
START GROUP
LOAD c:/users/minif/.platformio/packages/toolchain-gccarmnoneeabi/bin/../lib/gcc/arm-none-eabi/7.2.1/thumb/v7e-m/fpv4-sp/hard\libgcc.a
LOAD c:/users/minif/.platformio/packages/toolchain-gccarmnoneeabi/bin/../lib/gcc/arm-none-eabi/7.2.1/../../../../arm-none-eabi/lib/thumb/v7e-m/fpv4-sp/hard\libc_nano.a
END GROUP
START GROUP
LOAD c:/users/minif/.platformio/packages/toolchain-gccarmnoneeabi/bin/../lib/gcc/arm-none-eabi/7.2.1/thumb/v7e-m/fpv4-sp/hard\libgcc.a
LOAD c:/users/minif/.platformio/packages/toolchain-gccarmnoneeabi/bin/../lib/gcc/arm-none-eabi/7.2.1/../../../../arm-none-eabi/lib/thumb/v7e-m/fpv4-sp/hard\libc_nano.a
LOAD c:/users/minif/.platformio/packages/toolchain-gccarmnoneeabi/bin/../lib/gcc/arm-none-eabi/7.2.1/../../../../arm-none-eabi/lib/thumb/v7e-m/fpv4-sp/hard\libnosys.a
END GROUP
START GROUP
LOAD c:/users/minif/.platformio/packages/toolchain-gccarmnoneeabi/bin/../lib/gcc/arm-none-eabi/7.2.1/thumb/v7e-m/fpv4-sp/hard\libgcc.a
LOAD c:/users/minif/.platformio/packages/toolchain-gccarmnoneeabi/bin/../lib/gcc/arm-none-eabi/7.2.1/../../../../arm-none-eabi/lib/thumb/v7e-m/fpv4-sp/hard\libc_nano.a
LOAD c:/users/minif/.platformio/packages/toolchain-gccarmnoneeabi/bin/../lib/gcc/arm-none-eabi/7.2.1/../../../../arm-none-eabi/lib/thumb/v7e-m/fpv4-sp/hard\libnosys.a
END GROUP
LOAD c:/users/minif/.platformio/packages/toolchain-gccarmnoneeabi/bin/../lib/gcc/arm-none-eabi/7.2.1/thumb/v7e-m/fpv4-sp/hard/crtend.o
LOAD c:/users/minif/.platformio/packages/toolchain-gccarmnoneeabi/bin/../lib/gcc/arm-none-eabi/7.2.1/thumb/v7e-m/fpv4-sp/hard/crtn.o
                0x20000000                RAM_START = 0x20000000
                0x00008000                RAM_LENGTH = 0x8000
                0x00000000                FLASH_START = 0x0
                0x00040000                FLASH_LENGTH = 0x40000
                0x40100000                DATA_FLASH_START = 0x40100000
                0x00002000                DATA_FLASH_LENGTH = 0x2000
                0x00000000                OPTION_SETTING_START = 0x0
                0x00000000                OPTION_SETTING_LENGTH = 0x0
                0x00000000                OPTION_SETTING_S_START = 0x0
                0x00000000                OPTION_SETTING_S_LENGTH = 0x0
                0x01010018                ID_CODE_START = 0x1010018
                0x00000020                ID_CODE_LENGTH = 0x20
                0x90000000                SDRAM_START = 0x90000000
                0x00000000                SDRAM_LENGTH = 0x0
                0x60000000                QSPI_FLASH_START = 0x60000000
                0x00000000                QSPI_FLASH_LENGTH = 0x0
                0x68000000                OSPI_DEVICE_0_START = 0x68000000
                0x00000000                OSPI_DEVICE_0_LENGTH = 0x0
                0x70000000                OSPI_DEVICE_1_START = 0x70000000
                0x00000000                OSPI_DEVICE_1_LENGTH = 0x0
                0x00004000                FLASH_IMAGE_START = 0x4000
                0x00000100                VECTOR_TABLE_LENGTH = 0x100
                0x00000400                BSP_CFG_STACK_MAIN_BYTES = 0x400
START GROUP
LOAD c:/users/minif/.platformio/packages/toolchain-gccarmnoneeabi/bin/../lib/gcc/arm-none-eabi/7.2.1/thumb/v7e-m/fpv4-sp/hard\libgcc.a
LOAD c:/users/minif/.platformio/packages/toolchain-gccarmnoneeabi/bin/../lib/gcc/arm-none-eabi/7.2.1/../../../../arm-none-eabi/lib/thumb/v7e-m/fpv4-sp/hard\libc.a
LOAD c:/users/minif/.platformio/packages/toolchain-gccarmnoneeabi/bin/../lib/gcc/arm-none-eabi/7.2.1/../../../../arm-none-eabi/lib/thumb/v7e-m/fpv4-sp/hard\libm.a
LOAD c:/users/minif/.platformio/packages/toolchain-gccarmnoneeabi/bin/../lib/gcc/arm-none-eabi/7.2.1/../../../../arm-none-eabi/lib/thumb/v7e-m/fpv4-sp/hard\libnosys.a
END GROUP

.text           0x00004000     0xd81c
                0x00000000                __tz_FLASH_S = ABSOLUTE (FLASH_START)
                0x00004000                __ROM_Start = .
 *(.sketch_boot)
                0x00004000                . = ALIGN (0x800)
 *(.fixed_vectors*)
 .fixed_vectors
                0x00004000       0x40 C:\Users\minif\.platformio\packages\framework-arduinorenesas-uno\variants\UNOWIFIR4\libs\libfsp.a(startup.o)
                0x00004000                __Vectors
 *(.application_vectors*)
 .application_vectors
                0x00004040       0x80 .pio\build\uno_r4_wifi\libFrameworkArduino.a(vector_table.c.o)
                0x00004040                g_vector_table
                0x000040c0                __Vectors_End = .
 *(.text*)
 .text          0x000040c0       0x40 c:/users/minif/.platformio/packages/toolchain-gccarmnoneeabi/bin/../lib/gcc/arm-none-eabi/7.2.1/thumb/v7e-m/fpv4-sp/hard/crtbegin.o
 .text.setup    0x00004100       0x2c .pio\build\uno_r4_wifi\src\main.cpp.o
                0x00004100                setup
 .text.loop     0x0000412c      0x304 .pio\build\uno_r4_wifi\src\main.cpp.o
                0x0000412c                loop
 .text._ZN7arduino5Print17availableForWriteEv
                0x00004430        0x4 .pio\build\uno_r4_wifi\libef4\libWire.a(Wire.cpp.o)
                0x00004430                arduino::Print::availableForWrite()
 .text.R_BSP_IrqDisable
                0x00004434       0x24 .pio\build\uno_r4_wifi\libef4\libWire.a(Wire.cpp.o)
 .text._ZN7TwoWire21WireSCIMasterCallbackEP27st_i2c_master_callback_args
                0x00004458       0x38 .pio\build\uno_r4_wifi\libef4\libWire.a(Wire.cpp.o)
                0x00004458                TwoWire::WireSCIMasterCallback(st_i2c_master_callback_args*)
 .text._ZN7TwoWire18WireMasterCallbackEP27st_i2c_master_callback_args
                0x00004490       0x38 .pio\build\uno_r4_wifi\libef4\libWire.a(Wire.cpp.o)
                0x00004490                TwoWire::WireMasterCallback(st_i2c_master_callback_args*)
 .text._ZN7TwoWire15endTransmissionEv
                0x000044c8        0x8 .pio\build\uno_r4_wifi\libef4\libWire.a(Wire.cpp.o)
                0x000044c8                TwoWire::endTransmission()
 .text._ZN7TwoWire11requestFromEhj
                0x000044d0       0x10 .pio\build\uno_r4_wifi\libef4\libWire.a(Wire.cpp.o)
                0x000044d0                TwoWire::requestFrom(unsigned char, unsigned int)
 .text._ZN7TwoWire5writeEh
                0x000044e0       0x54 .pio\build\uno_r4_wifi\libef4\libWire.a(Wire.cpp.o)
                0x000044e0                TwoWire::write(unsigned char)
 .text._ZN7TwoWire9onReceiveEPFviE
                0x00004534        0x6 .pio\build\uno_r4_wifi\libef4\libWire.a(Wire.cpp.o)
                0x00004534                TwoWire::onReceive(void (*)(int))
 .text._ZN7TwoWire9onRequestEPFvvE
                0x0000453a        0x6 .pio\build\uno_r4_wifi\libef4\libWire.a(Wire.cpp.o)
                0x0000453a                TwoWire::onRequest(void (*)())
 .text._ZN7TwoWire9availableEv
                0x00004540        0xc .pio\build\uno_r4_wifi\libef4\libWire.a(Wire.cpp.o)
                0x00004540                TwoWire::available()
 .text._ZN7TwoWire4readEv
                0x0000454c       0x22 .pio\build\uno_r4_wifi\libef4\libWire.a(Wire.cpp.o)
                0x0000454c                TwoWire::read()
 .text._ZN7TwoWire4peekEv
                0x0000456e       0x18 .pio\build\uno_r4_wifi\libef4\libWire.a(Wire.cpp.o)
                0x0000456e                TwoWire::peek()
 .text._ZN7TwoWire5flushEv
                0x00004586       0x12 .pio\build\uno_r4_wifi\libef4\libWire.a(Wire.cpp.o)
                0x00004586                TwoWire::flush()
 .text._ZN7TwoWire3endEv
                0x00004598       0x98 .pio\build\uno_r4_wifi\libef4\libWire.a(Wire.cpp.o)
                0x00004598                TwoWire::end()
 .text._ZN7TwoWire5writeEPKhj
                0x00004630       0x36 .pio\build\uno_r4_wifi\libef4\libWire.a(Wire.cpp.o)
                0x00004630                TwoWire::write(unsigned char const*, unsigned int)
 *fill*         0x00004666        0x2 ff
 .text._ZN7TwoWire8setClockEm
                0x00004668       0xd8 .pio\build\uno_r4_wifi\libef4\libWire.a(Wire.cpp.o)
                0x00004668                TwoWire::setClock(unsigned long)
 .text._ZN7TwoWire10slave_readEm
                0x00004740       0x28 .pio\build\uno_r4_wifi\libef4\libWire.a(Wire.cpp.o)
                0x00004740                TwoWire::slave_read(unsigned long)
 .text._ZN7TwoWire17WireSlaveCallbackEP26st_i2c_slave_callback_args
                0x00004768      0x104 .pio\build\uno_r4_wifi\libef4\libWire.a(Wire.cpp.o)
                0x00004768                TwoWire::WireSlaveCallback(st_i2c_slave_callback_args*)
 .text._ZN7TwoWireC2Eii17WireAddressMode_tb
                0x0000486c       0x98 .pio\build\uno_r4_wifi\libef4\libWire.a(Wire.cpp.o)
                0x0000486c                TwoWire::TwoWire(int, int, WireAddressMode_t, bool)
                0x0000486c                TwoWire::TwoWire(int, int, WireAddressMode_t, bool)
 .text._ZN7TwoWire8cfg_pinsEi
                0x00004904       0xf4 .pio\build\uno_r4_wifi\libef4\libWire.a(Wire.cpp.o)
                0x00004904                TwoWire::cfg_pins(int)
 .text._ZN7TwoWire6_beginEv
                0x000049f8      0x244 .pio\build\uno_r4_wifi\libef4\libWire.a(Wire.cpp.o)
                0x000049f8                TwoWire::_begin()
 .text._ZN7TwoWire5beginEv
                0x00004c3c       0x18 .pio\build\uno_r4_wifi\libef4\libWire.a(Wire.cpp.o)
                0x00004c3c                TwoWire::begin()
 .text._ZN7TwoWire5beginEt
                0x00004c54       0x1e .pio\build\uno_r4_wifi\libef4\libWire.a(Wire.cpp.o)
                0x00004c54                TwoWire::begin(unsigned short)
 .text._ZN7TwoWire5beginEh
                0x00004c72        0x4 .pio\build\uno_r4_wifi\libef4\libWire.a(Wire.cpp.o)
                0x00004c72                TwoWire::begin(unsigned char)
 .text._ZN7TwoWire9read_fromEhPhhjb
                0x00004c76       0x72 .pio\build\uno_r4_wifi\libef4\libWire.a(Wire.cpp.o)
                0x00004c76                TwoWire::read_from(unsigned char, unsigned char*, unsigned char, unsigned int, bool)
 .text._ZN7TwoWire8write_toEhPhhjb
                0x00004ce8       0x92 .pio\build\uno_r4_wifi\libef4\libWire.a(Wire.cpp.o)
                0x00004ce8                TwoWire::write_to(unsigned char, unsigned char*, unsigned char, unsigned int, bool)
 .text._ZN7TwoWire15endTransmissionEb
                0x00004d7a       0x26 .pio\build\uno_r4_wifi\libef4\libWire.a(Wire.cpp.o)
                0x00004d7a                TwoWire::endTransmission(bool)
 .text._ZN7TwoWire17beginTransmissionEm
                0x00004da0       0x1a .pio\build\uno_r4_wifi\libef4\libWire.a(Wire.cpp.o)
                0x00004da0                TwoWire::beginTransmission(unsigned long)
 .text._ZN7TwoWire17beginTransmissionEh
                0x00004dba        0x4 .pio\build\uno_r4_wifi\libef4\libWire.a(Wire.cpp.o)
                0x00004dba                TwoWire::beginTransmission(unsigned char)
 .text._ZN7TwoWire17beginTransmissionEi
                0x00004dbe        0x4 .pio\build\uno_r4_wifi\libef4\libWire.a(Wire.cpp.o)
                0x00004dbe                TwoWire::beginTransmission(int)
 .text._ZN7TwoWire11requestFromEhjmhh
                0x00004dc2       0x7e .pio\build\uno_r4_wifi\libef4\libWire.a(Wire.cpp.o)
                0x00004dc2                TwoWire::requestFrom(unsigned char, unsigned int, unsigned long, unsigned char, unsigned char)
 .text._ZN7TwoWire11requestFromEhjb
                0x00004e40       0x12 .pio\build\uno_r4_wifi\libef4\libWire.a(Wire.cpp.o)
                0x00004e40                TwoWire::requestFrom(unsigned char, unsigned int, bool)
 *fill*         0x00004e52        0x2 ff
 .text.startup._GLOBAL__sub_I__ZN7TwoWire10g_SCIWiresE
                0x00004e54       0x2c .pio\build\uno_r4_wifi\libef4\libWire.a(Wire.cpp.o)
 .text.startup.main
                0x00004e80        0xa .pio\build\uno_r4_wifi\libFrameworkArduinoVariant.a(main.c.o)
                0x00004e80                main
 .text.PINCOUNT_fn
                0x00004e8a        0x4 .pio\build\uno_r4_wifi\libFrameworkArduinoVariant.a(variant.cpp.o)
                0x00004e8a                PINCOUNT_fn
 .text._Z17__maybe_start_usbv
                0x00004e8e        0x2 .pio\build\uno_r4_wifi\libFrameworkArduinoVariant.a(variant.cpp.o)
                0x00004e8e                __maybe_start_usb()
 .text.initVariant
                0x00004e90       0x9c .pio\build\uno_r4_wifi\libFrameworkArduinoVariant.a(variant.cpp.o)
                0x00004e90                initVariant
 .text._ZN8FspTimerC2Ev
                0x00004f2c       0x18 .pio\build\uno_r4_wifi\libFrameworkArduino.a(FspTimer.cpp.o)
                0x00004f2c                FspTimer::FspTimer()
                0x00004f2c                FspTimer::FspTimer()
 .text._ZN8FspTimer5beginE12e_timer_modehhmm18e_timer_source_divPFvP22st_timer_callback_argsEPv
                0x00004f44      0x16c .pio\build\uno_r4_wifi\libFrameworkArduino.a(FspTimer.cpp.o)
                0x00004f44                FspTimer::begin(e_timer_mode, unsigned char, unsigned char, unsigned long, unsigned long, e_timer_source_div, void (*)(st_timer_callback_args*), void*)
 .text._ZN8FspTimer4openEv
                0x000050b0       0x4e .pio\build\uno_r4_wifi\libFrameworkArduino.a(FspTimer.cpp.o)
                0x000050b0                FspTimer::open()
 .text._ZN8FspTimer5startEv
                0x000050fe       0x2e .pio\build\uno_r4_wifi\libFrameworkArduino.a(FspTimer.cpp.o)
                0x000050fe                FspTimer::start()
 .text._ZN8FspTimer5closeEv
                0x0000512c       0x2e .pio\build\uno_r4_wifi\libFrameworkArduino.a(FspTimer.cpp.o)
                0x0000512c                FspTimer::close()
 *fill*         0x0000515a        0x2 ff
 .text._ZN8FspTimer3endEv
                0x0000515c       0x48 .pio\build\uno_r4_wifi\libFrameworkArduino.a(FspTimer.cpp.o)
                0x0000515c                FspTimer::end()
 .text._ZN8FspTimerD2Ev
                0x000051a4        0xc .pio\build\uno_r4_wifi\libFrameworkArduino.a(FspTimer.cpp.o)
                0x000051a4                FspTimer::~FspTimer()
                0x000051a4                FspTimer::~FspTimer()
 .text._ZN8FspTimer15get_cfg_for_irqEv
                0x000051b0       0x14 .pio\build\uno_r4_wifi\libFrameworkArduino.a(FspTimer.cpp.o)
                0x000051b0                FspTimer::get_cfg_for_irq()
 .text._ZN8FspTimer9is_openedEv
                0x000051c4       0x18 .pio\build\uno_r4_wifi\libFrameworkArduino.a(FspTimer.cpp.o)
                0x000051c4                FspTimer::is_opened()
 .text._ZN8FspTimer18setup_overflow_irqEhPFvvE
                0x000051dc       0x4e .pio\build\uno_r4_wifi\libFrameworkArduino.a(FspTimer.cpp.o)
                0x000051dc                FspTimer::setup_overflow_irq(unsigned char, void (*)())
 *fill*         0x0000522a        0x2 ff
 .text.__NVIC_SetPriority
                0x0000522c       0x28 .pio\build\uno_r4_wifi\libFrameworkArduino.a(IRQManager.cpp.o)
 .text.R_BSP_IrqEnable
                0x00005254       0x34 .pio\build\uno_r4_wifi\libFrameworkArduino.a(IRQManager.cpp.o)
 .text.R_BSP_IrqDisable
                0x00005288       0x24 .pio\build\uno_r4_wifi\libFrameworkArduino.a(IRQManager.cpp.o)
 .text.__tcf_0  0x000052ac        0x2 .pio\build\uno_r4_wifi\libFrameworkArduino.a(IRQManager.cpp.o)
 *fill*         0x000052ae        0x2 ff
 .text._ZN10IRQManager11getInstanceEv
                0x000052b0       0x38 .pio\build\uno_r4_wifi\libFrameworkArduino.a(IRQManager.cpp.o)
                0x000052b0                IRQManager::getInstance()
 .text._ZN10IRQManager18set_ext_link_eventEii
                0x000052e8       0xc8 .pio\build\uno_r4_wifi\libFrameworkArduino.a(IRQManager.cpp.o)
                0x000052e8                IRQManager::set_ext_link_event(int, int)
 .text._ZN10IRQManager23set_gpt_over_link_eventEii
                0x000053b0       0x70 .pio\build\uno_r4_wifi\libFrameworkArduino.a(IRQManager.cpp.o)
                0x000053b0                IRQManager::set_gpt_over_link_event(int, int)
 .text._ZN10IRQManager18set_agt_link_eventEii
                0x00005420       0x28 .pio\build\uno_r4_wifi\libFrameworkArduino.a(IRQManager.cpp.o)
                0x00005420                IRQManager::set_agt_link_event(int, int)
 .text._ZN10IRQManager16addTimerOverflowER5timerPFvvE
                0x00005448       0x80 .pio\build\uno_r4_wifi\libFrameworkArduino.a(IRQManager.cpp.o)
                0x00005448                IRQManager::addTimerOverflow(timer&, void (*)())
 .text._ZN10IRQManager21set_iic_tx_link_eventEii
                0x000054c8       0x20 .pio\build\uno_r4_wifi\libFrameworkArduino.a(IRQManager.cpp.o)
                0x000054c8                IRQManager::set_iic_tx_link_event(int, int)
 .text._ZN10IRQManager21set_iic_rx_link_eventEii
                0x000054e8       0x20 .pio\build\uno_r4_wifi\libFrameworkArduino.a(IRQManager.cpp.o)
                0x000054e8                IRQManager::set_iic_rx_link_event(int, int)
 .text._ZN10IRQManager22set_iic_tei_link_eventEii
                0x00005508       0x20 .pio\build\uno_r4_wifi\libFrameworkArduino.a(IRQManager.cpp.o)
                0x00005508                IRQManager::set_iic_tei_link_event(int, int)
 .text._ZN10IRQManager22set_iic_eri_link_eventEii
                0x00005528       0x20 .pio\build\uno_r4_wifi\libFrameworkArduino.a(IRQManager.cpp.o)
                0x00005528                IRQManager::set_iic_eri_link_event(int, int)
 .text._ZN10IRQManager21set_sci_tx_link_eventEii
                0x00005548       0x38 .pio\build\uno_r4_wifi\libFrameworkArduino.a(IRQManager.cpp.o)
                0x00005548                IRQManager::set_sci_tx_link_event(int, int)
 .text._ZN10IRQManager21set_sci_rx_link_eventEii
                0x00005580       0x38 .pio\build\uno_r4_wifi\libFrameworkArduino.a(IRQManager.cpp.o)
                0x00005580                IRQManager::set_sci_rx_link_event(int, int)
 .text._ZN10IRQManager22set_sci_tei_link_eventEii
                0x000055b8       0x38 .pio\build\uno_r4_wifi\libFrameworkArduino.a(IRQManager.cpp.o)
                0x000055b8                IRQManager::set_sci_tei_link_event(int, int)
 .text._ZN10IRQManager22set_sci_eri_link_eventEii
                0x000055f0       0x38 .pio\build\uno_r4_wifi\libFrameworkArduino.a(IRQManager.cpp.o)
                0x000055f0                IRQManager::set_sci_eri_link_event(int, int)
 .text._ZN10IRQManager21set_spi_tx_link_eventEii
                0x00005628       0x20 .pio\build\uno_r4_wifi\libFrameworkArduino.a(IRQManager.cpp.o)
                0x00005628                IRQManager::set_spi_tx_link_event(int, int)
 .text._ZN10IRQManager21set_spi_rx_link_eventEii
                0x00005648       0x20 .pio\build\uno_r4_wifi\libFrameworkArduino.a(IRQManager.cpp.o)
                0x00005648                IRQManager::set_spi_rx_link_event(int, int)
 .text._ZN10IRQManager22set_spi_tei_link_eventEii
                0x00005668       0x20 .pio\build\uno_r4_wifi\libFrameworkArduino.a(IRQManager.cpp.o)
                0x00005668                IRQManager::set_spi_tei_link_event(int, int)
 .text._ZN10IRQManager22set_spi_eri_link_eventEii
                0x00005688       0x20 .pio\build\uno_r4_wifi\libFrameworkArduino.a(IRQManager.cpp.o)
                0x00005688                IRQManager::set_spi_eri_link_event(int, int)
 .text._ZN10IRQManager13addPeripheralE12Peripheral_tPv
                0x000056a8      0x904 .pio\build\uno_r4_wifi\libFrameworkArduino.a(IRQManager.cpp.o)
                0x000056a8                IRQManager::addPeripheral(Peripheral_t, void*)
 .text._ZN4UARTcvbEv
                0x00005fac        0x4 .pio\build\uno_r4_wifi\libFrameworkArduino.a(Serial.cpp.o)
                0x00005fac                UART::operator bool()
 .text._ZN4UART5beginEm
                0x00005fb0        0xa .pio\build\uno_r4_wifi\libFrameworkArduino.a(Serial.cpp.o)
                0x00005fb0                UART::begin(unsigned long)
 .text._ZN4UART5flushEv
                0x00005fba        0xa .pio\build\uno_r4_wifi\libFrameworkArduino.a(Serial.cpp.o)
                0x00005fba                UART::flush()
 .text._ZN4UART4peekEv
                0x00005fc4       0x18 .pio\build\uno_r4_wifi\libFrameworkArduino.a(Serial.cpp.o)
                0x00005fc4                UART::peek()
 .text._ZN4UART5writeEh
                0x00005fdc       0x34 .pio\build\uno_r4_wifi\libFrameworkArduino.a(Serial.cpp.o)
                0x00005fdc                UART::write(unsigned char)
 .text._ZN4UART3endEv
                0x00006010       0x22 .pio\build\uno_r4_wifi\libFrameworkArduino.a(Serial.cpp.o)
                0x00006010                UART::end()
 .text._ZN7__GuardD2Ev
                0x00006032        0xc .pio\build\uno_r4_wifi\libFrameworkArduino.a(Serial.cpp.o)
                0x00006032                __Guard::~__Guard()
                0x00006032                __Guard::~__Guard()
 .text._ZN4UART9availableEv
                0x0000603e       0x32 .pio\build\uno_r4_wifi\libFrameworkArduino.a(Serial.cpp.o)
                0x0000603e                UART::available()
 .text._ZN4UART15WrapperCallbackEP20st_uart_callback_arg
                0x00006070       0x90 .pio\build\uno_r4_wifi\libFrameworkArduino.a(Serial.cpp.o)
                0x00006070                UART::WrapperCallback(st_uart_callback_arg*)
 .text._ZN4UART4readEv
                0x00006100       0x5c .pio\build\uno_r4_wifi\libFrameworkArduino.a(Serial.cpp.o)
                0x00006100                UART::read()
 .text._ZN4UARTC2Eiiii
                0x0000615c       0x78 .pio\build\uno_r4_wifi\libFrameworkArduino.a(Serial.cpp.o)
                0x0000615c                UART::UART(int, int, int, int)
                0x0000615c                UART::UART(int, int, int, int)
 .text._ZN4UART13setUpUartIrqsER11st_uart_cfg
                0x000061d4       0x14 .pio\build\uno_r4_wifi\libFrameworkArduino.a(Serial.cpp.o)
                0x000061d4                UART::setUpUartIrqs(st_uart_cfg&)
 .text._ZN4UART8cfg_pinsEi
                0x000061e8       0xe8 .pio\build\uno_r4_wifi\libFrameworkArduino.a(Serial.cpp.o)
                0x000061e8                UART::cfg_pins(int)
 .text._ZN4UART5beginEmt
                0x000062d0      0x1a8 .pio\build\uno_r4_wifi\libFrameworkArduino.a(Serial.cpp.o)
                0x000062d0                UART::begin(unsigned long, unsigned short)
 .text._ZN4UART9write_rawEPhj
                0x00006478       0x1e .pio\build\uno_r4_wifi\libFrameworkArduino.a(Serial.cpp.o)
                0x00006478                UART::write_raw(unsigned char*, unsigned int)
 *fill*         0x00006496        0x2 ff
 .text.startup._GLOBAL__sub_I__UART1_
                0x00006498       0x1c .pio\build\uno_r4_wifi\libFrameworkArduino.a(SerialObj1.cpp.o)
 .text._ZL13readAllGroupAP13ADC_Container
                0x000064b4       0x2c .pio\build\uno_r4_wifi\libFrameworkArduino.a(analog.cpp.o)
 .text._ZL11ADC_irq_cbkP20st_adc_callback_args
                0x000064e0       0x58 .pio\build\uno_r4_wifi\libFrameworkArduino.a(analog.cpp.o)
 .text._ZL10adcConvertP13ADC_Containert
                0x00006538       0xa4 .pio\build\uno_r4_wifi\libFrameworkArduino.a(analog.cpp.o)
 .text._ZL21get_ADC_container_ptrlRt.constprop.4
                0x000065dc       0x38 .pio\build\uno_r4_wifi\libFrameworkArduino.a(analog.cpp.o)
 .text._ZN13ADC_ContainerC2EhPFvP20st_adc_callback_argsEPv
                0x00006614       0x6e .pio\build\uno_r4_wifi\libFrameworkArduino.a(analog.cpp.o)
                0x00006614                ADC_Container::ADC_Container(unsigned char, void (*)(st_adc_callback_args*), void*)
                0x00006614                ADC_Container::ADC_Container(unsigned char, void (*)(st_adc_callback_args*), void*)
 .text._ZN13ADC_ContainerD2Ev
                0x00006682       0x12 .pio\build\uno_r4_wifi\libFrameworkArduino.a(analog.cpp.o)
                0x00006682                ADC_Container::~ADC_Container()
                0x00006682                ADC_Container::~ADC_Container()
 .text.analogRead
                0x00006694       0x3c .pio\build\uno_r4_wifi\libFrameworkArduino.a(analog.cpp.o)
                0x00006694                analogRead
 .text.analogReference
                0x000066d0       0x5c .pio\build\uno_r4_wifi\libFrameworkArduino.a(analog.cpp.o)
                0x000066d0                analogReference
 *fill*         0x0000672c        0x4 ff
 .text._Z15analogReferencev
                0x00006730      0x10c .pio\build\uno_r4_wifi\libFrameworkArduino.a(analog.cpp.o)
                0x00006730                analogReference()
 .text._Z23__get_timer_for_channeli
                0x0000683c       0x2c .pio\build\uno_r4_wifi\libFrameworkArduino.a(analog.cpp.o)
                0x0000683c                __get_timer_for_channel(int)
 .text.startup._GLOBAL__sub_I__ZN13ADC_ContainerC2EhPFvP20st_adc_callback_argsEPv
                0x00006868       0x4c .pio\build\uno_r4_wifi\libFrameworkArduino.a(analog.cpp.o)
 .text.exit._GLOBAL__sub_D__ZN13ADC_ContainerC2EhPFvP20st_adc_callback_argsEPv
                0x000068b4       0x1c .pio\build\uno_r4_wifi\libFrameworkArduino.a(analog.cpp.o)
 .text._Z3maplllll
                0x000068d0       0x14 .pio\build\uno_r4_wifi\libFrameworkArduino.a(Common.cpp.o)
                0x000068d0                map(long, long, long, long, long)
 .text._ZN7arduino5Print5writeEPKhj
                0x000068e4       0x2c .pio\build\uno_r4_wifi\libFrameworkArduino.a(Print.cpp.o)
                0x000068e4                arduino::Print::write(unsigned char const*, unsigned int)
 .text._ZN7arduino5Print5writeEPKc.part.2
                0x00006910       0x1e .pio\build\uno_r4_wifi\libFrameworkArduino.a(Print.cpp.o)
 .text._ZN7arduino5Print5writeEPKc
                0x0000692e        0xa .pio\build\uno_r4_wifi\libFrameworkArduino.a(Print.cpp.o)
                0x0000692e                arduino::Print::write(char const*)
 .text._ZN7arduino5Print5printERKNS_6StringE
                0x00006938        0xa .pio\build\uno_r4_wifi\libFrameworkArduino.a(Print.cpp.o)
                0x00006938                arduino::Print::print(arduino::String const&)
 .text._ZN7arduino5Print5printEPKc
                0x00006942        0x8 .pio\build\uno_r4_wifi\libFrameworkArduino.a(Print.cpp.o)
                0x00006942                arduino::Print::print(char const*)
 .text._ZN7arduino5Print5printEc
                0x0000694a        0x8 .pio\build\uno_r4_wifi\libFrameworkArduino.a(Print.cpp.o)
                0x0000694a                arduino::Print::print(char)
 *fill*         0x00006952        0x2 ff
 .text._ZN7arduino5Print7printlnEv
                0x00006954        0xc .pio\build\uno_r4_wifi\libFrameworkArduino.a(Print.cpp.o)
                0x00006954                arduino::Print::println()
 .text._ZN7arduino5Print7printlnERKNS_6StringE
                0x00006960       0x14 .pio\build\uno_r4_wifi\libFrameworkArduino.a(Print.cpp.o)
                0x00006960                arduino::Print::println(arduino::String const&)
 .text._ZN7arduino5Print7printlnEPKc
                0x00006974       0x14 .pio\build\uno_r4_wifi\libFrameworkArduino.a(Print.cpp.o)
                0x00006974                arduino::Print::println(char const*)
 .text._ZN7arduino5Print11printNumberEmh
                0x00006988       0x3c .pio\build\uno_r4_wifi\libFrameworkArduino.a(Print.cpp.o)
                0x00006988                arduino::Print::printNumber(unsigned long, unsigned char)
 .text._ZN7arduino5Print5printEli
                0x000069c4       0x44 .pio\build\uno_r4_wifi\libFrameworkArduino.a(Print.cpp.o)
                0x000069c4                arduino::Print::print(long, int)
 .text._ZN7arduino5Print5printEii
                0x00006a08        0x4 .pio\build\uno_r4_wifi\libFrameworkArduino.a(Print.cpp.o)
                0x00006a08                arduino::Print::print(int, int)
 .text._ZN7arduino5Print10printFloatEdi
                0x00006a0c      0x17c .pio\build\uno_r4_wifi\libFrameworkArduino.a(Print.cpp.o)
                0x00006a0c                arduino::Print::printFloat(double, int)
 .text._ZN7arduino5Print5printEdi
                0x00006b88        0x4 .pio\build\uno_r4_wifi\libFrameworkArduino.a(Print.cpp.o)
                0x00006b88                arduino::Print::print(double, int)
 .text._ZN7arduino5Print7printlnEdi
                0x00006b8c       0x14 .pio\build\uno_r4_wifi\libFrameworkArduino.a(Print.cpp.o)
                0x00006b8c                arduino::Print::println(double, int)
 .text._ZN7arduino6Stream9timedReadEv
                0x00006ba0       0x2a .pio\build\uno_r4_wifi\libFrameworkArduino.a(Stream.cpp.o)
                0x00006ba0                arduino::Stream::timedRead()
 *fill*         0x00006bca        0x2 ff
 .text._ZN7arduino6Stream15readStringUntilEc
                0x00006bcc       0x30 .pio\build\uno_r4_wifi\libFrameworkArduino.a(Stream.cpp.o)
                0x00006bcc                arduino::Stream::readStringUntil(char)
 .text._ZN7arduino6StringD2Ev
                0x00006bfc       0x10 .pio\build\uno_r4_wifi\libFrameworkArduino.a(String.cpp.o)
                0x00006bfc                arduino::String::~String()
                0x00006bfc                arduino::String::~String()
 .text._ZN7arduino6String10invalidateEv
                0x00006c0c       0x16 .pio\build\uno_r4_wifi\libFrameworkArduino.a(String.cpp.o)
                0x00006c0c                arduino::String::invalidate()
 .text._ZN7arduino6String12changeBufferEj
                0x00006c22       0x18 .pio\build\uno_r4_wifi\libFrameworkArduino.a(String.cpp.o)
                0x00006c22                arduino::String::changeBuffer(unsigned int)
 .text._ZN7arduino6String7reserveEj
                0x00006c3a       0x28 .pio\build\uno_r4_wifi\libFrameworkArduino.a(String.cpp.o)
                0x00006c3a                arduino::String::reserve(unsigned int)
 .text._ZN7arduino6String4copyEPKcj
                0x00006c62       0x30 .pio\build\uno_r4_wifi\libFrameworkArduino.a(String.cpp.o)
                0x00006c62                arduino::String::copy(char const*, unsigned int)
 .text._ZN7arduino6StringC2EPKc
                0x00006c92       0x24 .pio\build\uno_r4_wifi\libFrameworkArduino.a(String.cpp.o)
                0x00006c92                arduino::String::String(char const*)
                0x00006c92                arduino::String::String(char const*)
 .text._ZN7arduino6String4moveERS0_
                0x00006cb6       0x26 .pio\build\uno_r4_wifi\libFrameworkArduino.a(String.cpp.o)
                0x00006cb6                arduino::String::move(arduino::String&)
 .text._ZN7arduino6StringaSERKS0_
                0x00006cdc       0x1e .pio\build\uno_r4_wifi\libFrameworkArduino.a(String.cpp.o)
                0x00006cdc                arduino::String::operator=(arduino::String const&)
 .text._ZN7arduino6StringaSEOS0_
                0x00006cfa        0xc .pio\build\uno_r4_wifi\libFrameworkArduino.a(String.cpp.o)
                0x00006cfa                arduino::String::operator=(arduino::String&&)
 .text._ZN7arduino6String6concatEPKcj
                0x00006d06       0x42 .pio\build\uno_r4_wifi\libFrameworkArduino.a(String.cpp.o)
                0x00006d06                arduino::String::concat(char const*, unsigned int)
 .text._ZN7arduino6String6concatEc
                0x00006d48       0x16 .pio\build\uno_r4_wifi\libFrameworkArduino.a(String.cpp.o)
                0x00006d48                arduino::String::concat(char)
 .text._ZNK7arduino6String7indexOfEcj
                0x00006d5e       0x22 .pio\build\uno_r4_wifi\libFrameworkArduino.a(String.cpp.o)
                0x00006d5e                arduino::String::indexOf(char, unsigned int) const
 .text._ZNK7arduino6String7indexOfEc
                0x00006d80        0x6 .pio\build\uno_r4_wifi\libFrameworkArduino.a(String.cpp.o)
                0x00006d80                arduino::String::indexOf(char) const
 *fill*         0x00006d86        0x2 ff
 .text._ZNK7arduino6String9substringEjj
                0x00006d88       0x40 .pio\build\uno_r4_wifi\libFrameworkArduino.a(String.cpp.o)
                0x00006d88                arduino::String::substring(unsigned int, unsigned int) const
 .text._ZN7arduino6String4trimEv
                0x00006dc8       0x52 .pio\build\uno_r4_wifi\libFrameworkArduino.a(String.cpp.o)
                0x00006dc8                arduino::String::trim()
 *fill*         0x00006e1a        0x6 ff
 .text._ZNK7arduino6String8toDoubleEv
                0x00006e20       0x18 .pio\build\uno_r4_wifi\libFrameworkArduino.a(String.cpp.o)
                0x00006e20                arduino::String::toDouble() const
 .text._ZNK7arduino6String7toFloatEv
                0x00006e38       0x14 .pio\build\uno_r4_wifi\libFrameworkArduino.a(String.cpp.o)
                0x00006e38                arduino::String::toFloat() const
 .text._ZN4CDacC2Eh
                0x00006e4c       0x6c .pio\build\uno_r4_wifi\libFrameworkArduino.a(dac.cpp.o)
                0x00006e4c                CDac::CDac(unsigned char)
                0x00006e4c                CDac::CDac(unsigned char)
 .text.startup._GLOBAL__sub_I__ZN4CDacC2Eh
                0x00006eb8        0xc .pio\build\uno_r4_wifi\libFrameworkArduino.a(dac.cpp.o)
 .text.pinMode  0x00006ec4       0x30 .pio\build\uno_r4_wifi\libFrameworkArduino.a(digital.cpp.o)
                0x00006ec4                pinMode
 .text.digitalWrite
                0x00006ef4       0x18 .pio\build\uno_r4_wifi\libFrameworkArduino.a(digital.cpp.o)
                0x00006ef4                digitalWrite
 .text.R_BSP_PinAccessEnable
                0x00006f0c       0x2c .pio\build\uno_r4_wifi\libFrameworkArduino.a(main.cpp.o)
 .text._Z12arduino_mainv
                0x00006f38       0x8c .pio\build\uno_r4_wifi\libFrameworkArduino.a(main.cpp.o)
                0x00006f38                arduino_main()
 .text._write   0x00006fc4        0xc .pio\build\uno_r4_wifi\libFrameworkArduino.a(main.cpp.o)
                0x00006fc4                _write
 .text.hal_entry
                0x00006fd0        0x6 .pio\build\uno_r4_wifi\libFrameworkArduino.a(main.cpp.o)
                0x00006fd0                hal_entry
 .text.atexit   0x00006fd6        0x4 .pio\build\uno_r4_wifi\libFrameworkArduino.a(main.cpp.o)
                0x00006fd6                atexit
 *fill*         0x00006fda        0x2 ff
 .text._Z13pinPeripheral19e_bsp_io_port_pin_tm
                0x00006fdc       0x10 .pio\build\uno_r4_wifi\libFrameworkArduino.a(pinDefinitions.cpp.o)
                0x00006fdc                pinPeripheral(e_bsp_io_port_pin_t, unsigned long)
 .text._ZL21timer_micros_callbackP22st_timer_callback_args
                0x00006fec       0x10 .pio\build\uno_r4_wifi\libFrameworkArduino.a(time.cpp.o)
 .text.delayMicroseconds
                0x00006ffc        0x6 .pio\build\uno_r4_wifi\libFrameworkArduino.a(time.cpp.o)
                0x00006ffc                delayMicroseconds
 .text.yield    0x00007002        0x2 .pio\build\uno_r4_wifi\libFrameworkArduino.a(time.cpp.o)
                0x00007002                yield
 .text.delay    0x00007004       0x1c .pio\build\uno_r4_wifi\libFrameworkArduino.a(time.cpp.o)
                0x00007004                delay
 .text._Z8startAgtv
                0x00007020       0x6c .pio\build\uno_r4_wifi\libFrameworkArduino.a(time.cpp.o)
                0x00007020                startAgt()
 .text.millis   0x0000708c        0xc .pio\build\uno_r4_wifi\libFrameworkArduino.a(time.cpp.o)
                0x0000708c                millis
 .text.startup._GLOBAL__sub_I_delayMicroseconds
                0x00007098        0xc .pio\build\uno_r4_wifi\libFrameworkArduino.a(time.cpp.o)
 .text.exit._GLOBAL__sub_D_delayMicroseconds
                0x000070a4        0xc .pio\build\uno_r4_wifi\libFrameworkArduino.a(time.cpp.o)
 .text._Z10getPinCfgsh11PinCfgReq_t
                0x000070b0       0xe0 .pio\build\uno_r4_wifi\libFrameworkArduino.a(variant_helper.cpp.o)
                0x000070b0                getPinCfgs(unsigned char, PinCfgReq_t)
 .text.dump_stack
                0x00007190       0x7c .pio\build\uno_r4_wifi\libFrameworkArduino.a(cm_backtrace.c.o)
 .text.cm_backtrace_init
                0x0000720c       0x74 .pio\build\uno_r4_wifi\libFrameworkArduino.a(cm_backtrace.c.o)
                0x0000720c                cm_backtrace_init
 .text.cm_backtrace_firmware_info
                0x00007280       0x2c .pio\build\uno_r4_wifi\libFrameworkArduino.a(cm_backtrace.c.o)
                0x00007280                cm_backtrace_firmware_info
 .text.cm_backtrace_call_stack
                0x000072ac       0xe4 .pio\build\uno_r4_wifi\libFrameworkArduino.a(cm_backtrace.c.o)
                0x000072ac                cm_backtrace_call_stack
 .text.print_call_stack
                0x00007390       0x94 .pio\build\uno_r4_wifi\libFrameworkArduino.a(cm_backtrace.c.o)
 .text.cm_backtrace_fault
                0x00007424      0x470 .pio\build\uno_r4_wifi\libFrameworkArduino.a(cm_backtrace.c.o)
                0x00007424                cm_backtrace_fault
 .text.Stacktrace_Handler
                0x00007894        0xa .pio\build\uno_r4_wifi\libFrameworkArduino.a(cortex_handlers.c.o)
                0x00007894                Stacktrace_Handler
 *fill*         0x0000789e        0x2 ff
 .text.r_spi_call_callback
                0x000078a0       0x40 C:\Users\minif\.platformio\packages\framework-arduinorenesas-uno\variants\UNOWIFIR4\libs\libfsp.a(r_spi.o)
 .text.spi_rxi_isr
                0x000078e0       0x9c C:\Users\minif\.platformio\packages\framework-arduinorenesas-uno\variants\UNOWIFIR4\libs\libfsp.a(r_spi.o)
                0x000078e0                spi_rxi_isr
 .text.spi_txi_isr
                0x0000797c       0xd8 C:\Users\minif\.platformio\packages\framework-arduinorenesas-uno\variants\UNOWIFIR4\libs\libfsp.a(r_spi.o)
                0x0000797c                spi_txi_isr
 .text.spi_tei_isr
                0x00007a54       0xe0 C:\Users\minif\.platformio\packages\framework-arduinorenesas-uno\variants\UNOWIFIR4\libs\libfsp.a(r_spi.o)
                0x00007a54                spi_tei_isr
 .text.spi_eri_isr
                0x00007b34       0xdc C:\Users\minif\.platformio\packages\framework-arduinorenesas-uno\variants\UNOWIFIR4\libs\libfsp.a(r_spi.o)
                0x00007b34                spi_eri_isr
 .text.R_SCI_UART_Write
                0x00007c10       0xb0 C:\Users\minif\.platformio\packages\framework-arduinorenesas-uno\variants\UNOWIFIR4\libs\libfsp.a(r_sci_uart.o)
                0x00007c10                R_SCI_UART_Write
 .text.R_SCI_UART_BaudSet
                0x00007cc0       0x44 C:\Users\minif\.platformio\packages\framework-arduinorenesas-uno\variants\UNOWIFIR4\libs\libfsp.a(r_sci_uart.o)
                0x00007cc0                R_SCI_UART_BaudSet
 .text.R_SCI_UART_Close
                0x00007d04       0xd8 C:\Users\minif\.platformio\packages\framework-arduinorenesas-uno\variants\UNOWIFIR4\libs\libfsp.a(r_sci_uart.o)
                0x00007d04                R_SCI_UART_Close
 .text.r_sci_uart_call_callback
                0x00007ddc       0x44 C:\Users\minif\.platformio\packages\framework-arduinorenesas-uno\variants\UNOWIFIR4\libs\libfsp.a(r_sci_uart.o)
 .text.r_sci_uart_transfer_configure.isra.0
                0x00007e20       0x38 C:\Users\minif\.platformio\packages\framework-arduinorenesas-uno\variants\UNOWIFIR4\libs\libfsp.a(r_sci_uart.o)
 .text.R_SCI_UART_Open
                0x00007e58      0x448 C:\Users\minif\.platformio\packages\framework-arduinorenesas-uno\variants\UNOWIFIR4\libs\libfsp.a(r_sci_uart.o)
                0x00007e58                R_SCI_UART_Open
 .text.R_SCI_UART_BaudCalculate
                0x000082a0      0x184 C:\Users\minif\.platformio\packages\framework-arduinorenesas-uno\variants\UNOWIFIR4\libs\libfsp.a(r_sci_uart.o)
                0x000082a0                R_SCI_UART_BaudCalculate
 .text.sci_uart_txi_isr
                0x00008424       0xec C:\Users\minif\.platformio\packages\framework-arduinorenesas-uno\variants\UNOWIFIR4\libs\libfsp.a(r_sci_uart.o)
                0x00008424                sci_uart_txi_isr
 .text.sci_uart_rxi_isr
                0x00008510      0x184 C:\Users\minif\.platformio\packages\framework-arduinorenesas-uno\variants\UNOWIFIR4\libs\libfsp.a(r_sci_uart.o)
                0x00008510                sci_uart_rxi_isr
 .text.sci_uart_tei_isr
                0x00008694       0x40 C:\Users\minif\.platformio\packages\framework-arduinorenesas-uno\variants\UNOWIFIR4\libs\libfsp.a(r_sci_uart.o)
                0x00008694                sci_uart_tei_isr
 .text.sci_uart_eri_isr
                0x000086d4       0x78 C:\Users\minif\.platformio\packages\framework-arduinorenesas-uno\variants\UNOWIFIR4\libs\libfsp.a(r_sci_uart.o)
                0x000086d4                sci_uart_eri_isr
 .text.r_sci_spi_call_callback
                0x0000874c       0x40 C:\Users\minif\.platformio\packages\framework-arduinorenesas-uno\variants\UNOWIFIR4\libs\libfsp.a(r_sci_spi.o)
 .text.sci_spi_txi_isr
                0x0000878c       0x68 C:\Users\minif\.platformio\packages\framework-arduinorenesas-uno\variants\UNOWIFIR4\libs\libfsp.a(r_sci_spi.o)
                0x0000878c                sci_spi_txi_isr
 .text.sci_spi_rxi_isr
                0x000087f4       0x74 C:\Users\minif\.platformio\packages\framework-arduinorenesas-uno\variants\UNOWIFIR4\libs\libfsp.a(r_sci_spi.o)
                0x000087f4                sci_spi_rxi_isr
 .text.sci_spi_tei_isr
                0x00008868       0x3c C:\Users\minif\.platformio\packages\framework-arduinorenesas-uno\variants\UNOWIFIR4\libs\libfsp.a(r_sci_spi.o)
                0x00008868                sci_spi_tei_isr
 .text.sci_spi_eri_isr
                0x000088a4       0x44 C:\Users\minif\.platformio\packages\framework-arduinorenesas-uno\variants\UNOWIFIR4\libs\libfsp.a(r_sci_spi.o)
                0x000088a4                sci_spi_eri_isr
 .text.R_SCI_I2C_Abort
                0x000088e8       0x20 C:\Users\minif\.platformio\packages\framework-arduinorenesas-uno\variants\UNOWIFIR4\libs\libfsp.a(r_sci_i2c.o)
                0x000088e8                R_SCI_I2C_Abort
 .text.R_SCI_I2C_SlaveAddressSet
                0x00008908        0x8 C:\Users\minif\.platformio\packages\framework-arduinorenesas-uno\variants\UNOWIFIR4\libs\libfsp.a(r_sci_i2c.o)
                0x00008908                R_SCI_I2C_SlaveAddressSet
 .text.R_SCI_I2C_CallbackSet
                0x00008910        0xc C:\Users\minif\.platformio\packages\framework-arduinorenesas-uno\variants\UNOWIFIR4\libs\libfsp.a(r_sci_i2c.o)
                0x00008910                R_SCI_I2C_CallbackSet
 .text.R_SCI_I2C_StatusGet
                0x0000891c       0x18 C:\Users\minif\.platformio\packages\framework-arduinorenesas-uno\variants\UNOWIFIR4\libs\libfsp.a(r_sci_i2c.o)
                0x0000891c                R_SCI_I2C_StatusGet
 .text.R_SCI_I2C_Close
                0x00008934       0x70 C:\Users\minif\.platformio\packages\framework-arduinorenesas-uno\variants\UNOWIFIR4\libs\libfsp.a(r_sci_i2c.o)
                0x00008934                R_SCI_I2C_Close
 .text.sci_i2c_enable_transfer_support_tx
                0x000089a4       0x34 C:\Users\minif\.platformio\packages\framework-arduinorenesas-uno\variants\UNOWIFIR4\libs\libfsp.a(r_sci_i2c.o)
 .text.R_SCI_I2C_Write
                0x000089d8       0xec C:\Users\minif\.platformio\packages\framework-arduinorenesas-uno\variants\UNOWIFIR4\libs\libfsp.a(r_sci_i2c.o)
                0x000089d8                R_SCI_I2C_Write
 .text.R_SCI_I2C_Read
                0x00008ac4       0xf0 C:\Users\minif\.platformio\packages\framework-arduinorenesas-uno\variants\UNOWIFIR4\libs\libfsp.a(r_sci_i2c.o)
                0x00008ac4                R_SCI_I2C_Read
 .text.R_SCI_I2C_Open
                0x00008bb4      0x220 C:\Users\minif\.platformio\packages\framework-arduinorenesas-uno\variants\UNOWIFIR4\libs\libfsp.a(r_sci_i2c.o)
                0x00008bb4                R_SCI_I2C_Open
 .text.sci_i2c_notify
                0x00008dd4       0x64 C:\Users\minif\.platformio\packages\framework-arduinorenesas-uno\variants\UNOWIFIR4\libs\libfsp.a(r_sci_i2c.o)
                0x00008dd4                sci_i2c_notify
 .text.sci_i2c_rxi_isr
                0x00008e38       0x20 C:\Users\minif\.platformio\packages\framework-arduinorenesas-uno\variants\UNOWIFIR4\libs\libfsp.a(r_sci_i2c.o)
                0x00008e38                sci_i2c_rxi_isr
 .text.sci_i2c_txi_isr
                0x00008e58      0x198 C:\Users\minif\.platformio\packages\framework-arduinorenesas-uno\variants\UNOWIFIR4\libs\libfsp.a(r_sci_i2c.o)
                0x00008e58                sci_i2c_txi_isr
 .text.sci_i2c_tei_isr
                0x00008ff0       0xf0 C:\Users\minif\.platformio\packages\framework-arduinorenesas-uno\variants\UNOWIFIR4\libs\libfsp.a(r_sci_i2c.o)
                0x00008ff0                sci_i2c_tei_isr
 .text.rtc_alarm_periodic_isr
                0x000090e0       0x68 C:\Users\minif\.platformio\packages\framework-arduinorenesas-uno\variants\UNOWIFIR4\libs\libfsp.a(r_rtc.o)
                0x000090e0                rtc_alarm_periodic_isr
 .text.rtc_carry_isr
                0x00009148       0x2c C:\Users\minif\.platformio\packages\framework-arduinorenesas-uno\variants\UNOWIFIR4\libs\libfsp.a(r_rtc.o)
                0x00009148                rtc_carry_isr
 .text.R_IOPORT_PinWrite
                0x00009174       0x20 C:\Users\minif\.platformio\packages\framework-arduinorenesas-uno\variants\UNOWIFIR4\libs\libfsp.a(r_ioport.o)
                0x00009174                R_IOPORT_PinWrite
 .text.bsp_vbatt_init
                0x00009194       0xac C:\Users\minif\.platformio\packages\framework-arduinorenesas-uno\variants\UNOWIFIR4\libs\libfsp.a(r_ioport.o)
 .text.R_IOPORT_PinCfg
                0x00009240       0xa8 C:\Users\minif\.platformio\packages\framework-arduinorenesas-uno\variants\UNOWIFIR4\libs\libfsp.a(r_ioport.o)
                0x00009240                R_IOPORT_PinCfg
 .text.R_IIC_SLAVE_Read
                0x000092e8       0x38 C:\Users\minif\.platformio\packages\framework-arduinorenesas-uno\variants\UNOWIFIR4\libs\libfsp.a(r_iic_slave.o)
                0x000092e8                R_IIC_SLAVE_Read
 .text.R_IIC_SLAVE_Write
                0x00009320       0x34 C:\Users\minif\.platformio\packages\framework-arduinorenesas-uno\variants\UNOWIFIR4\libs\libfsp.a(r_iic_slave.o)
                0x00009320                R_IIC_SLAVE_Write
 .text.R_IIC_SLAVE_CallbackSet
                0x00009354        0xc C:\Users\minif\.platformio\packages\framework-arduinorenesas-uno\variants\UNOWIFIR4\libs\libfsp.a(r_iic_slave.o)
                0x00009354                R_IIC_SLAVE_CallbackSet
 .text.R_IIC_SLAVE_Close
                0x00009360       0xcc C:\Users\minif\.platformio\packages\framework-arduinorenesas-uno\variants\UNOWIFIR4\libs\libfsp.a(r_iic_slave.o)
                0x00009360                R_IIC_SLAVE_Close
 .text.r_iic_slave_call_callback
                0x0000942c       0x3c C:\Users\minif\.platformio\packages\framework-arduinorenesas-uno\variants\UNOWIFIR4\libs\libfsp.a(r_iic_slave.o)
 .text.iic_slave_initiate_transaction
                0x00009468       0x74 C:\Users\minif\.platformio\packages\framework-arduinorenesas-uno\variants\UNOWIFIR4\libs\libfsp.a(r_iic_slave.o)
 .text.R_IIC_SLAVE_Open
                0x000094dc      0x228 C:\Users\minif\.platformio\packages\framework-arduinorenesas-uno\variants\UNOWIFIR4\libs\libfsp.a(r_iic_slave.o)
                0x000094dc                R_IIC_SLAVE_Open
 .text.iic_slave_rxi_isr
                0x00009704      0x12c C:\Users\minif\.platformio\packages\framework-arduinorenesas-uno\variants\UNOWIFIR4\libs\libfsp.a(r_iic_slave.o)
                0x00009704                iic_slave_rxi_isr
 .text.iic_slave_txi_isr
                0x00009830       0xa8 C:\Users\minif\.platformio\packages\framework-arduinorenesas-uno\variants\UNOWIFIR4\libs\libfsp.a(r_iic_slave.o)
                0x00009830                iic_slave_txi_isr
 .text.iic_slave_tei_isr
                0x000098d8       0x94 C:\Users\minif\.platformio\packages\framework-arduinorenesas-uno\variants\UNOWIFIR4\libs\libfsp.a(r_iic_slave.o)
                0x000098d8                iic_slave_tei_isr
 .text.iic_slave_eri_isr
                0x0000996c      0x10c C:\Users\minif\.platformio\packages\framework-arduinorenesas-uno\variants\UNOWIFIR4\libs\libfsp.a(r_iic_slave.o)
                0x0000996c                iic_slave_eri_isr
 .text.R_IIC_MASTER_SlaveAddressSet
                0x00009a78        0x8 C:\Users\minif\.platformio\packages\framework-arduinorenesas-uno\variants\UNOWIFIR4\libs\libfsp.a(r_iic_master.o)
                0x00009a78                R_IIC_MASTER_SlaveAddressSet
 .text.R_IIC_MASTER_CallbackSet
                0x00009a80        0xc C:\Users\minif\.platformio\packages\framework-arduinorenesas-uno\variants\UNOWIFIR4\libs\libfsp.a(r_iic_master.o)
                0x00009a80                R_IIC_MASTER_CallbackSet
 .text.R_IIC_MASTER_StatusGet
                0x00009a8c       0x18 C:\Users\minif\.platformio\packages\framework-arduinorenesas-uno\variants\UNOWIFIR4\libs\libfsp.a(r_iic_master.o)
                0x00009a8c                R_IIC_MASTER_StatusGet
 .text.iic_master_notify
                0x00009aa4       0x3c C:\Users\minif\.platformio\packages\framework-arduinorenesas-uno\variants\UNOWIFIR4\libs\libfsp.a(r_iic_master.o)
 .text.iic_master_run_hw_master
                0x00009ae0       0xd8 C:\Users\minif\.platformio\packages\framework-arduinorenesas-uno\variants\UNOWIFIR4\libs\libfsp.a(r_iic_master.o)
 .text.R_IIC_MASTER_Read
                0x00009bb8       0x34 C:\Users\minif\.platformio\packages\framework-arduinorenesas-uno\variants\UNOWIFIR4\libs\libfsp.a(r_iic_master.o)
                0x00009bb8                R_IIC_MASTER_Read
 .text.R_IIC_MASTER_Write
                0x00009bec       0x30 C:\Users\minif\.platformio\packages\framework-arduinorenesas-uno\variants\UNOWIFIR4\libs\libfsp.a(r_iic_master.o)
                0x00009bec                R_IIC_MASTER_Write
 .text.iic_master_open_hw_master
                0x00009c1c      0x184 C:\Users\minif\.platformio\packages\framework-arduinorenesas-uno\variants\UNOWIFIR4\libs\libfsp.a(r_iic_master.o)
 .text.R_IIC_MASTER_Open
                0x00009da0       0x7c C:\Users\minif\.platformio\packages\framework-arduinorenesas-uno\variants\UNOWIFIR4\libs\libfsp.a(r_iic_master.o)
                0x00009da0                R_IIC_MASTER_Open
 .text.R_IIC_MASTER_Abort
                0x00009e1c       0x4c C:\Users\minif\.platformio\packages\framework-arduinorenesas-uno\variants\UNOWIFIR4\libs\libfsp.a(r_iic_master.o)
                0x00009e1c                R_IIC_MASTER_Abort
 .text.R_IIC_MASTER_Close
                0x00009e68      0x104 C:\Users\minif\.platformio\packages\framework-arduinorenesas-uno\variants\UNOWIFIR4\libs\libfsp.a(r_iic_master.o)
                0x00009e68                R_IIC_MASTER_Close
 .text.iic_master_rxi_isr
                0x00009f6c      0x13c C:\Users\minif\.platformio\packages\framework-arduinorenesas-uno\variants\UNOWIFIR4\libs\libfsp.a(r_iic_master.o)
                0x00009f6c                iic_master_rxi_isr
 .text.iic_master_txi_isr
                0x0000a0a8       0xec C:\Users\minif\.platformio\packages\framework-arduinorenesas-uno\variants\UNOWIFIR4\libs\libfsp.a(r_iic_master.o)
                0x0000a0a8                iic_master_txi_isr
 .text.iic_master_tei_isr
                0x0000a194       0xc4 C:\Users\minif\.platformio\packages\framework-arduinorenesas-uno\variants\UNOWIFIR4\libs\libfsp.a(r_iic_master.o)
                0x0000a194                iic_master_tei_isr
 .text.iic_master_eri_isr
                0x0000a258      0x140 C:\Users\minif\.platformio\packages\framework-arduinorenesas-uno\variants\UNOWIFIR4\libs\libfsp.a(r_iic_master.o)
                0x0000a258                iic_master_eri_isr
 .text.r_icu_isr
                0x0000a398       0x6c C:\Users\minif\.platformio\packages\framework-arduinorenesas-uno\variants\UNOWIFIR4\libs\libfsp.a(r_icu.o)
                0x0000a398                r_icu_isr
 .text.R_GPT_Start
                0x0000a404        0xc C:\Users\minif\.platformio\packages\framework-arduinorenesas-uno\variants\UNOWIFIR4\libs\libfsp.a(r_gpt.o)
                0x0000a404                R_GPT_Start
 .text.R_GPT_Enable
                0x0000a410       0x30 C:\Users\minif\.platformio\packages\framework-arduinorenesas-uno\variants\UNOWIFIR4\libs\libfsp.a(r_gpt.o)
                0x0000a410                R_GPT_Enable
 .text.r_gpt_enable_irq
                0x0000a440       0x5c C:\Users\minif\.platformio\packages\framework-arduinorenesas-uno\variants\UNOWIFIR4\libs\libfsp.a(r_gpt.o)
 .text.r_gpt_call_callback
                0x0000a49c       0x3c C:\Users\minif\.platformio\packages\framework-arduinorenesas-uno\variants\UNOWIFIR4\libs\libfsp.a(r_gpt.o)
 .text.gpt_calculate_duty_cycle.isra.0
                0x0000a4d8       0x78 C:\Users\minif\.platformio\packages\framework-arduinorenesas-uno\variants\UNOWIFIR4\libs\libfsp.a(r_gpt.o)
 .text.R_GPT_Open
                0x0000a550      0x264 C:\Users\minif\.platformio\packages\framework-arduinorenesas-uno\variants\UNOWIFIR4\libs\libfsp.a(r_gpt.o)
                0x0000a550                R_GPT_Open
 .text.R_GPT_Close
                0x0000a7b4       0xd4 C:\Users\minif\.platformio\packages\framework-arduinorenesas-uno\variants\UNOWIFIR4\libs\libfsp.a(r_gpt.o)
                0x0000a7b4                R_GPT_Close
 .text.gpt_counter_overflow_isr
                0x0000a888       0x78 C:\Users\minif\.platformio\packages\framework-arduinorenesas-uno\variants\UNOWIFIR4\libs\libfsp.a(r_gpt.o)
                0x0000a888                gpt_counter_overflow_isr
 .text.R_DAC_Open
                0x0000a900       0x88 C:\Users\minif\.platformio\packages\framework-arduinorenesas-uno\variants\UNOWIFIR4\libs\libfsp.a(r_dac.o)
                0x0000a900                R_DAC_Open
 .text.R_DAC_Write
                0x0000a988        0xc C:\Users\minif\.platformio\packages\framework-arduinorenesas-uno\variants\UNOWIFIR4\libs\libfsp.a(r_dac.o)
                0x0000a988                R_DAC_Write
 .text.R_DAC_Start
                0x0000a994       0x30 C:\Users\minif\.platformio\packages\framework-arduinorenesas-uno\variants\UNOWIFIR4\libs\libfsp.a(r_dac.o)
                0x0000a994                R_DAC_Start
 .text.R_DAC_Stop
                0x0000a9c4       0x34 C:\Users\minif\.platformio\packages\framework-arduinorenesas-uno\variants\UNOWIFIR4\libs\libfsp.a(r_dac.o)
                0x0000a9c4                R_DAC_Stop
 .text.R_DAC_Close
                0x0000a9f8       0x40 C:\Users\minif\.platformio\packages\framework-arduinorenesas-uno\variants\UNOWIFIR4\libs\libfsp.a(r_dac.o)
                0x0000a9f8                R_DAC_Close
 .text.r_can_call_callback
                0x0000aa38       0x68 C:\Users\minif\.platformio\packages\framework-arduinorenesas-uno\variants\UNOWIFIR4\libs\libfsp.a(r_can.o)
 .text.can_error_isr
                0x0000aaa0       0xd4 C:\Users\minif\.platformio\packages\framework-arduinorenesas-uno\variants\UNOWIFIR4\libs\libfsp.a(r_can.o)
                0x0000aaa0                can_error_isr
 .text.can_rx_isr
                0x0000ab74      0x118 C:\Users\minif\.platformio\packages\framework-arduinorenesas-uno\variants\UNOWIFIR4\libs\libfsp.a(r_can.o)
                0x0000ab74                can_rx_isr
 .text.can_tx_isr
                0x0000ac8c       0xa0 C:\Users\minif\.platformio\packages\framework-arduinorenesas-uno\variants\UNOWIFIR4\libs\libfsp.a(r_can.o)
                0x0000ac8c                can_tx_isr
 .text.R_AGT_Start
                0x0000ad2c       0x38 C:\Users\minif\.platformio\packages\framework-arduinorenesas-uno\variants\UNOWIFIR4\libs\libfsp.a(r_agt.o)
                0x0000ad2c                R_AGT_Start
 .text.R_AGT_Enable
                0x0000ad64       0x14 C:\Users\minif\.platformio\packages\framework-arduinorenesas-uno\variants\UNOWIFIR4\libs\libfsp.a(r_agt.o)
                0x0000ad64                R_AGT_Enable
 .text.R_AGT_Close
                0x0000ad78       0x84 C:\Users\minif\.platformio\packages\framework-arduinorenesas-uno\variants\UNOWIFIR4\libs\libfsp.a(r_agt.o)
                0x0000ad78                R_AGT_Close
 .text.R_AGT_Open
                0x0000adfc      0x118 C:\Users\minif\.platformio\packages\framework-arduinorenesas-uno\variants\UNOWIFIR4\libs\libfsp.a(r_agt.o)
                0x0000adfc                R_AGT_Open
 .text.agt_int_isr
                0x0000af14       0x88 C:\Users\minif\.platformio\packages\framework-arduinorenesas-uno\variants\UNOWIFIR4\libs\libfsp.a(r_agt.o)
                0x0000af14                agt_int_isr
 .text.R_ADC_ScanStart
                0x0000af9c        0xc C:\Users\minif\.platformio\packages\framework-arduinorenesas-uno\variants\UNOWIFIR4\libs\libfsp.a(r_adc.o)
                0x0000af9c                R_ADC_ScanStart
 .text.R_ADC_StatusGet
                0x0000afa8       0x10 C:\Users\minif\.platformio\packages\framework-arduinorenesas-uno\variants\UNOWIFIR4\libs\libfsp.a(r_adc.o)
                0x0000afa8                R_ADC_StatusGet
 .text.R_ADC_Read
                0x0000afb8       0x10 C:\Users\minif\.platformio\packages\framework-arduinorenesas-uno\variants\UNOWIFIR4\libs\libfsp.a(r_adc.o)
                0x0000afb8                R_ADC_Read
 .text.R_ADC_ScanCfg
                0x0000afc8      0x1a0 C:\Users\minif\.platformio\packages\framework-arduinorenesas-uno\variants\UNOWIFIR4\libs\libfsp.a(r_adc.o)
                0x0000afc8                R_ADC_ScanCfg
 .text.R_ADC_Open
                0x0000b168      0x240 C:\Users\minif\.platformio\packages\framework-arduinorenesas-uno\variants\UNOWIFIR4\libs\libfsp.a(r_adc.o)
                0x0000b168                R_ADC_Open
 .text.R_ADC_Close
                0x0000b3a8       0xfc C:\Users\minif\.platformio\packages\framework-arduinorenesas-uno\variants\UNOWIFIR4\libs\libfsp.a(r_adc.o)
                0x0000b3a8                R_ADC_Close
 .text.SystemCoreClockUpdate
                0x0000b4a4       0x28 C:\Users\minif\.platformio\packages\framework-arduinorenesas-uno\variants\UNOWIFIR4\libs\libfsp.a(bsp_clocks.o)
                0x0000b4a4                SystemCoreClockUpdate
 .text.bsp_clock_init
                0x0000b4cc      0x12c C:\Users\minif\.platformio\packages\framework-arduinorenesas-uno\variants\UNOWIFIR4\libs\libfsp.a(bsp_clocks.o)
                0x0000b4cc                bsp_clock_init
 .text.bsp_prv_software_delay_loop
                0x0000b5f8        0xc C:\Users\minif\.platformio\packages\framework-arduinorenesas-uno\variants\UNOWIFIR4\libs\libfsp.a(bsp_delay.o)
                0x0000b5f8                bsp_prv_software_delay_loop
 .text.R_BSP_SoftwareDelay
                0x0000b604       0x5c C:\Users\minif\.platformio\packages\framework-arduinorenesas-uno\variants\UNOWIFIR4\libs\libfsp.a(bsp_delay.o)
                0x0000b604                R_BSP_SoftwareDelay
 .text.NMI_Handler
                0x0000b660       0x38 C:\Users\minif\.platformio\packages\framework-arduinorenesas-uno\variants\UNOWIFIR4\libs\libfsp.a(bsp_group_irq.o)
                0x0000b660                NMI_Handler
 .text.bsp_irq_cfg
                0x0000b698       0x2c C:\Users\minif\.platformio\packages\framework-arduinorenesas-uno\variants\UNOWIFIR4\libs\libfsp.a(bsp_irq.o)
                0x0000b698                bsp_irq_cfg
 .text.R_BSP_RegisterProtectEnable
                0x0000b6c4       0x60 C:\Users\minif\.platformio\packages\framework-arduinorenesas-uno\variants\UNOWIFIR4\libs\libfsp.a(bsp_register_protection.o)
                0x0000b6c4                R_BSP_RegisterProtectEnable
 .text.R_BSP_RegisterProtectDisable
                0x0000b724       0x54 C:\Users\minif\.platformio\packages\framework-arduinorenesas-uno\variants\UNOWIFIR4\libs\libfsp.a(bsp_register_protection.o)
                0x0000b724                R_BSP_RegisterProtectDisable
 .text.Default_Handler
                0x0000b778        0x4 C:\Users\minif\.platformio\packages\framework-arduinorenesas-uno\variants\UNOWIFIR4\libs\libfsp.a(startup.o)
                0x0000b778                DebugMon_Handler
                0x0000b778                HardFault_Handler
                0x0000b778                SysTick_Handler
                0x0000b778                PendSV_Handler
                0x0000b778                UsageFault_Handler
                0x0000b778                SecureFault_Handler
                0x0000b778                Default_Handler
                0x0000b778                MemManage_Handler
                0x0000b778                SVC_Handler
                0x0000b778                BusFault_Handler
 .text.Reset_Handler
                0x0000b77c        0xc C:\Users\minif\.platformio\packages\framework-arduinorenesas-uno\variants\UNOWIFIR4\libs\libfsp.a(startup.o)
                0x0000b77c                Reset_Handler
 .text.R_BSP_WarmStart
                0x0000b788        0x4 C:\Users\minif\.platformio\packages\framework-arduinorenesas-uno\variants\UNOWIFIR4\libs\libfsp.a(system.o)
                0x0000b788                R_BSP_WarmStart
 .text.SystemInit
                0x0000b78c      0x15c C:\Users\minif\.platformio\packages\framework-arduinorenesas-uno\variants\UNOWIFIR4\libs\libfsp.a(system.o)
                0x0000b78c                SystemInit
 .text.bsp_init_internal
                0x0000b8e8        0x4 C:\Users\minif\.platformio\packages\framework-arduinorenesas-uno\variants\UNOWIFIR4\libs\libfsp.a(bsp_common.o)
                0x0000b8e8                bsp_init_internal
                0x0000b8e8                bsp_init
 .text._Znwj    0x0000b8ec       0x22 c:/users/minif/.platformio/packages/toolchain-gccarmnoneeabi/bin/../lib/gcc/arm-none-eabi/7.2.1/../../../../arm-none-eabi/lib/thumb/v7e-m/fpv4-sp/hard\libstdc++_nano.a(new_op.o)
                0x0000b8ec                operator new(unsigned int)
 .text.__cxa_guard_acquire
                0x0000b90e       0x18 c:/users/minif/.platformio/packages/toolchain-gccarmnoneeabi/bin/../lib/gcc/arm-none-eabi/7.2.1/../../../../arm-none-eabi/lib/thumb/v7e-m/fpv4-sp/hard\libstdc++_nano.a(guard.o)
                0x0000b90e                __cxa_guard_acquire
 .text.__cxa_guard_release
                0x0000b926        0x6 c:/users/minif/.platformio/packages/toolchain-gccarmnoneeabi/bin/../lib/gcc/arm-none-eabi/7.2.1/../../../../arm-none-eabi/lib/thumb/v7e-m/fpv4-sp/hard\libstdc++_nano.a(guard.o)
                0x0000b926                __cxa_guard_release
 .text._ZSt15get_new_handlerv
                0x0000b92c       0x10 c:/users/minif/.platformio/packages/toolchain-gccarmnoneeabi/bin/../lib/gcc/arm-none-eabi/7.2.1/../../../../arm-none-eabi/lib/thumb/v7e-m/fpv4-sp/hard\libstdc++_nano.a(new_handler.o)
                0x0000b92c                std::get_new_handler()
 .text._ZdlPvj  0x0000b93c        0x4 c:/users/minif/.platformio/packages/toolchain-gccarmnoneeabi/bin/../lib/gcc/arm-none-eabi/7.2.1/../../../../arm-none-eabi/lib/thumb/v7e-m/fpv4-sp/hard\libstdc++_nano.a(del_ops.o)
                0x0000b93c                operator delete(void*, unsigned int)
 .text._ZdlPv   0x0000b940        0x4 c:/users/minif/.platformio/packages/toolchain-gccarmnoneeabi/bin/../lib/gcc/arm-none-eabi/7.2.1/../../../../arm-none-eabi/lib/thumb/v7e-m/fpv4-sp/hard\libstdc++_nano.a(del_op.o)
                0x0000b940                operator delete(void*)
 .text          0x0000b944      0x378 c:/users/minif/.platformio/packages/toolchain-gccarmnoneeabi/bin/../lib/gcc/arm-none-eabi/7.2.1/thumb/v7e-m/fpv4-sp/hard\libgcc.a(_arm_addsubdf3.o)
                0x0000b944                __aeabi_drsub
                0x0000b94c                __aeabi_dsub
                0x0000b94c                __subdf3
                0x0000b950                __aeabi_dadd
                0x0000b950                __adddf3
                0x0000bbc8                __floatunsidf
                0x0000bbc8                __aeabi_ui2d
                0x0000bbe8                __floatsidf
                0x0000bbe8                __aeabi_i2d
                0x0000bc0c                __aeabi_f2d
                0x0000bc0c                __extendsfdf2
                0x0000bc50                __floatundidf
                0x0000bc50                __aeabi_ul2d
                0x0000bc60                __floatdidf
                0x0000bc60                __aeabi_l2d
 .text          0x0000bcbc      0x424 c:/users/minif/.platformio/packages/toolchain-gccarmnoneeabi/bin/../lib/gcc/arm-none-eabi/7.2.1/thumb/v7e-m/fpv4-sp/hard\libgcc.a(_arm_muldivdf3.o)
                0x0000bcbc                __aeabi_dmul
                0x0000bcbc                __muldf3
                0x0000bf10                __divdf3
                0x0000bf10                __aeabi_ddiv
 .text          0x0000c0e0      0x110 c:/users/minif/.platformio/packages/toolchain-gccarmnoneeabi/bin/../lib/gcc/arm-none-eabi/7.2.1/thumb/v7e-m/fpv4-sp/hard\libgcc.a(_arm_cmpdf2.o)
                0x0000c0e0                __gtdf2
                0x0000c0e0                __gedf2
                0x0000c0e8                __ltdf2
                0x0000c0e8                __ledf2
                0x0000c0f0                __nedf2
                0x0000c0f0                __eqdf2
                0x0000c0f0                __cmpdf2
                0x0000c16c                __aeabi_cdrcmple
                0x0000c17c                __aeabi_cdcmpeq
                0x0000c17c                __aeabi_cdcmple
                0x0000c18c                __aeabi_dcmpeq
                0x0000c1a0                __aeabi_dcmplt
                0x0000c1b4                __aeabi_dcmple
                0x0000c1c8                __aeabi_dcmpge
                0x0000c1dc                __aeabi_dcmpgt
 .text          0x0000c1f0       0x2c c:/users/minif/.platformio/packages/toolchain-gccarmnoneeabi/bin/../lib/gcc/arm-none-eabi/7.2.1/thumb/v7e-m/fpv4-sp/hard\libgcc.a(_arm_unorddf2.o)
                0x0000c1f0                __unorddf2
                0x0000c1f0                __aeabi_dcmpun
 .text          0x0000c21c       0x40 c:/users/minif/.platformio/packages/toolchain-gccarmnoneeabi/bin/../lib/gcc/arm-none-eabi/7.2.1/thumb/v7e-m/fpv4-sp/hard\libgcc.a(_arm_fixunsdfsi.o)
                0x0000c21c                __aeabi_d2uiz
                0x0000c21c                __fixunsdfsi
 .text          0x0000c25c       0xa0 c:/users/minif/.platformio/packages/toolchain-gccarmnoneeabi/bin/../lib/gcc/arm-none-eabi/7.2.1/thumb/v7e-m/fpv4-sp/hard\libgcc.a(_arm_truncdfsf2.o)
                0x0000c25c                __truncdfsf2
                0x0000c25c                __aeabi_d2f
 .text          0x0000c2fc       0xa0 c:/users/minif/.platformio/packages/toolchain-gccarmnoneeabi/bin/../lib/gcc/arm-none-eabi/7.2.1/thumb/v7e-m/fpv4-sp/hard\libgcc.a(_aeabi_ldivmod.o)
                0x0000c2fc                __aeabi_ldivmod
 .text          0x0000c39c      0x2cc c:/users/minif/.platformio/packages/toolchain-gccarmnoneeabi/bin/../lib/gcc/arm-none-eabi/7.2.1/thumb/v7e-m/fpv4-sp/hard\libgcc.a(_udivmoddi4.o)
                0x0000c39c                __udivmoddi4
 .text          0x0000c668        0x4 c:/users/minif/.platformio/packages/toolchain-gccarmnoneeabi/bin/../lib/gcc/arm-none-eabi/7.2.1/thumb/v7e-m/fpv4-sp/hard\libgcc.a(_dvmd_tls.o)
                0x0000c668                __aeabi_idiv0
                0x0000c668                __aeabi_ldiv0
 .text.abort    0x0000c66c        0xe c:/users/minif/.platformio/packages/toolchain-gccarmnoneeabi/bin/../lib/gcc/arm-none-eabi/7.2.1/../../../../arm-none-eabi/lib/thumb/v7e-m/fpv4-sp/hard\libc_nano.a(lib_a-abort.o)
                0x0000c66c                abort
 .text.atof     0x0000c67a        0x6 c:/users/minif/.platformio/packages/toolchain-gccarmnoneeabi/bin/../lib/gcc/arm-none-eabi/7.2.1/../../../../arm-none-eabi/lib/thumb/v7e-m/fpv4-sp/hard\libc_nano.a(lib_a-atof.o)
                0x0000c67a                atof
 .text.isspace  0x0000c680       0x12 c:/users/minif/.platformio/packages/toolchain-gccarmnoneeabi/bin/../lib/gcc/arm-none-eabi/7.2.1/../../../../arm-none-eabi/lib/thumb/v7e-m/fpv4-sp/hard\libc_nano.a(lib_a-isspace.o)
                0x0000c680                isspace
 *fill*         0x0000c692        0x2 ff
 .text.__locale_ctype_ptr
                0x0000c694       0x1c c:/users/minif/.platformio/packages/toolchain-gccarmnoneeabi/bin/../lib/gcc/arm-none-eabi/7.2.1/../../../../arm-none-eabi/lib/thumb/v7e-m/fpv4-sp/hard\libc_nano.a(lib_a-locale.o)
                0x0000c694                __locale_ctype_ptr
 .text.malloc   0x0000c6b0       0x10 c:/users/minif/.platformio/packages/toolchain-gccarmnoneeabi/bin/../lib/gcc/arm-none-eabi/7.2.1/../../../../arm-none-eabi/lib/thumb/v7e-m/fpv4-sp/hard\libc_nano.a(lib_a-malloc.o)
                0x0000c6b0                malloc
 .text.free     0x0000c6c0       0x10 c:/users/minif/.platformio/packages/toolchain-gccarmnoneeabi/bin/../lib/gcc/arm-none-eabi/7.2.1/../../../../arm-none-eabi/lib/thumb/v7e-m/fpv4-sp/hard\libc_nano.a(lib_a-malloc.o)
                0x0000c6c0                free
 .text.__ascii_mbtowc
                0x0000c6d0       0x24 c:/users/minif/.platformio/packages/toolchain-gccarmnoneeabi/bin/../lib/gcc/arm-none-eabi/7.2.1/../../../../arm-none-eabi/lib/thumb/v7e-m/fpv4-sp/hard\libc_nano.a(lib_a-mbtowc_r.o)
                0x0000c6d0                __ascii_mbtowc
 .text.memcpy   0x0000c6f4       0x16 c:/users/minif/.platformio/packages/toolchain-gccarmnoneeabi/bin/../lib/gcc/arm-none-eabi/7.2.1/../../../../arm-none-eabi/lib/thumb/v7e-m/fpv4-sp/hard\libc_nano.a(lib_a-memcpy-stub.o)
                0x0000c6f4                memcpy
 .text.memmove  0x0000c70a       0x32 c:/users/minif/.platformio/packages/toolchain-gccarmnoneeabi/bin/../lib/gcc/arm-none-eabi/7.2.1/../../../../arm-none-eabi/lib/thumb/v7e-m/fpv4-sp/hard\libc_nano.a(lib_a-memmove.o)
                0x0000c70a                memmove
 .text.memset   0x0000c73c       0x10 c:/users/minif/.platformio/packages/toolchain-gccarmnoneeabi/bin/../lib/gcc/arm-none-eabi/7.2.1/../../../../arm-none-eabi/lib/thumb/v7e-m/fpv4-sp/hard\libc_nano.a(lib_a-memset.o)
                0x0000c73c                memset
 .text._free_r  0x0000c74c       0x9c c:/users/minif/.platformio/packages/toolchain-gccarmnoneeabi/bin/../lib/gcc/arm-none-eabi/7.2.1/../../../../arm-none-eabi/lib/thumb/v7e-m/fpv4-sp/hard\libc_nano.a(lib_a-nano-freer.o)
                0x0000c74c                _free_r
 .text._malloc_r
                0x0000c7e8       0xb4 c:/users/minif/.platformio/packages/toolchain-gccarmnoneeabi/bin/../lib/gcc/arm-none-eabi/7.2.1/../../../../arm-none-eabi/lib/thumb/v7e-m/fpv4-sp/hard\libc_nano.a(lib_a-nano-mallocr.o)
                0x0000c7e8                _malloc_r
 .text.__cvt    0x0000c89c       0xc2 c:/users/minif/.platformio/packages/toolchain-gccarmnoneeabi/bin/../lib/gcc/arm-none-eabi/7.2.1/../../../../arm-none-eabi/lib/thumb/v7e-m/fpv4-sp/hard\libc_nano.a(lib_a-nano-vfprintf_float.o)
                0x0000c89c                __cvt
 .text.__exponent
                0x0000c95e       0x66 c:/users/minif/.platformio/packages/toolchain-gccarmnoneeabi/bin/../lib/gcc/arm-none-eabi/7.2.1/../../../../arm-none-eabi/lib/thumb/v7e-m/fpv4-sp/hard\libc_nano.a(lib_a-nano-vfprintf_float.o)
                0x0000c95e                __exponent
 .text._printf_float
                0x0000c9c4      0x480 c:/users/minif/.platformio/packages/toolchain-gccarmnoneeabi/bin/../lib/gcc/arm-none-eabi/7.2.1/../../../../arm-none-eabi/lib/thumb/v7e-m/fpv4-sp/hard\libc_nano.a(lib_a-nano-vfprintf_float.o)
                0x0000c9c4                _printf_float
 .text._printf_common
                0x0000ce44       0xea c:/users/minif/.platformio/packages/toolchain-gccarmnoneeabi/bin/../lib/gcc/arm-none-eabi/7.2.1/../../../../arm-none-eabi/lib/thumb/v7e-m/fpv4-sp/hard\libc_nano.a(lib_a-nano-vfprintf_i.o)
                0x0000ce44                _printf_common
 *fill*         0x0000cf2e        0x2 ff
 .text._printf_i
                0x0000cf30      0x224 c:/users/minif/.platformio/packages/toolchain-gccarmnoneeabi/bin/../lib/gcc/arm-none-eabi/7.2.1/../../../../arm-none-eabi/lib/thumb/v7e-m/fpv4-sp/hard\libc_nano.a(lib_a-nano-vfprintf_i.o)
                0x0000cf30                _printf_i
 .text.printf   0x0000d154       0x30 c:/users/minif/.platformio/packages/toolchain-gccarmnoneeabi/bin/../lib/gcc/arm-none-eabi/7.2.1/../../../../arm-none-eabi/lib/thumb/v7e-m/fpv4-sp/hard\libc_nano.a(lib_a-printf.o)
                0x0000d154                iprintf
                0x0000d154                printf
 .text.realloc  0x0000d184       0x10 c:/users/minif/.platformio/packages/toolchain-gccarmnoneeabi/bin/../lib/gcc/arm-none-eabi/7.2.1/../../../../arm-none-eabi/lib/thumb/v7e-m/fpv4-sp/hard\libc_nano.a(lib_a-realloc.o)
                0x0000d184                realloc
 .text._sbrk_r  0x0000d194       0x20 c:/users/minif/.platformio/packages/toolchain-gccarmnoneeabi/bin/../lib/gcc/arm-none-eabi/7.2.1/../../../../arm-none-eabi/lib/thumb/v7e-m/fpv4-sp/hard\libc_nano.a(lib_a-sbrkr.o)
                0x0000d194                _sbrk_r
 .text._raise_r
                0x0000d1b4       0x50 c:/users/minif/.platformio/packages/toolchain-gccarmnoneeabi/bin/../lib/gcc/arm-none-eabi/7.2.1/../../../../arm-none-eabi/lib/thumb/v7e-m/fpv4-sp/hard\libc_nano.a(lib_a-signal.o)
                0x0000d1b4                _raise_r
 .text.raise    0x0000d204       0x10 c:/users/minif/.platformio/packages/toolchain-gccarmnoneeabi/bin/../lib/gcc/arm-none-eabi/7.2.1/../../../../arm-none-eabi/lib/thumb/v7e-m/fpv4-sp/hard\libc_nano.a(lib_a-signal.o)
                0x0000d204                raise
 .text._kill_r  0x0000d214       0x24 c:/users/minif/.platformio/packages/toolchain-gccarmnoneeabi/bin/../lib/gcc/arm-none-eabi/7.2.1/../../../../arm-none-eabi/lib/thumb/v7e-m/fpv4-sp/hard\libc_nano.a(lib_a-signalr.o)
                0x0000d214                _kill_r
 .text._getpid_r
                0x0000d238        0x4 c:/users/minif/.platformio/packages/toolchain-gccarmnoneeabi/bin/../lib/gcc/arm-none-eabi/7.2.1/../../../../arm-none-eabi/lib/thumb/v7e-m/fpv4-sp/hard\libc_nano.a(lib_a-signalr.o)
                0x0000d238                _getpid_r
 .text.sprintf  0x0000d23c       0x40 c:/users/minif/.platformio/packages/toolchain-gccarmnoneeabi/bin/../lib/gcc/arm-none-eabi/7.2.1/../../../../arm-none-eabi/lib/thumb/v7e-m/fpv4-sp/hard\libc_nano.a(lib_a-sprintf.o)
                0x0000d23c                siprintf
                0x0000d23c                sprintf
 .text.strchr   0x0000d27c       0x1a c:/users/minif/.platformio/packages/toolchain-gccarmnoneeabi/bin/../lib/gcc/arm-none-eabi/7.2.1/../../../../arm-none-eabi/lib/thumb/v7e-m/fpv4-sp/hard\libc_nano.a(lib_a-strchr.o)
                0x0000d27c                strchr
 .text          0x0000d296       0x10 c:/users/minif/.platformio/packages/toolchain-gccarmnoneeabi/bin/../lib/gcc/arm-none-eabi/7.2.1/../../../../arm-none-eabi/lib/thumb/v7e-m/fpv4-sp/hard\libc_nano.a(lib_a-strlen.o)
                0x0000d296                strlen
 .text.strncmp  0x0000d2a6       0x24 c:/users/minif/.platformio/packages/toolchain-gccarmnoneeabi/bin/../lib/gcc/arm-none-eabi/7.2.1/../../../../arm-none-eabi/lib/thumb/v7e-m/fpv4-sp/hard\libc_nano.a(lib_a-strncmp.o)
                0x0000d2a6                strncmp
 .text.unlikely.sulp
                0x0000d2ca       0x38 c:/users/minif/.platformio/packages/toolchain-gccarmnoneeabi/bin/../lib/gcc/arm-none-eabi/7.2.1/../../../../arm-none-eabi/lib/thumb/v7e-m/fpv4-sp/hard\libc_nano.a(lib_a-strtod.o)
 *fill*         0x0000d302        0x6 ff
 .text._strtod_l
                0x0000d308      0xbe8 c:/users/minif/.platformio/packages/toolchain-gccarmnoneeabi/bin/../lib/gcc/arm-none-eabi/7.2.1/../../../../arm-none-eabi/lib/thumb/v7e-m/fpv4-sp/hard\libc_nano.a(lib_a-strtod.o)
                0x0000d308                _strtod_l
 .text.strtod   0x0000def0       0x28 c:/users/minif/.platformio/packages/toolchain-gccarmnoneeabi/bin/../lib/gcc/arm-none-eabi/7.2.1/../../../../arm-none-eabi/lib/thumb/v7e-m/fpv4-sp/hard\libc_nano.a(lib_a-strtod.o)
                0x0000def0                strtod
 .text.__ascii_wctomb
                0x0000df18       0x1a c:/users/minif/.platformio/packages/toolchain-gccarmnoneeabi/bin/../lib/gcc/arm-none-eabi/7.2.1/../../../../arm-none-eabi/lib/thumb/v7e-m/fpv4-sp/hard\libc_nano.a(lib_a-wctomb_r.o)
                0x0000df18                __ascii_wctomb
 .text.quorem   0x0000df32      0x118 c:/users/minif/.platformio/packages/toolchain-gccarmnoneeabi/bin/../lib/gcc/arm-none-eabi/7.2.1/../../../../arm-none-eabi/lib/thumb/v7e-m/fpv4-sp/hard\libc_nano.a(lib_a-dtoa.o)
 *fill*         0x0000e04a        0x6 ff
 .text._dtoa_r  0x0000e050      0xb70 c:/users/minif/.platformio/packages/toolchain-gccarmnoneeabi/bin/../lib/gcc/arm-none-eabi/7.2.1/../../../../arm-none-eabi/lib/thumb/v7e-m/fpv4-sp/hard\libc_nano.a(lib_a-dtoa.o)
                0x0000e050                _dtoa_r
 .text.std      0x0000ebc0       0x48 c:/users/minif/.platformio/packages/toolchain-gccarmnoneeabi/bin/../lib/gcc/arm-none-eabi/7.2.1/../../../../arm-none-eabi/lib/thumb/v7e-m/fpv4-sp/hard\libc_nano.a(lib_a-findfp.o)
 .text._cleanup_r
                0x0000ec08        0xc c:/users/minif/.platformio/packages/toolchain-gccarmnoneeabi/bin/../lib/gcc/arm-none-eabi/7.2.1/../../../../arm-none-eabi/lib/thumb/v7e-m/fpv4-sp/hard\libc_nano.a(lib_a-findfp.o)
                0x0000ec08                _cleanup_r
 .text.__sfmoreglue
                0x0000ec14       0x2c c:/users/minif/.platformio/packages/toolchain-gccarmnoneeabi/bin/../lib/gcc/arm-none-eabi/7.2.1/../../../../arm-none-eabi/lib/thumb/v7e-m/fpv4-sp/hard\libc_nano.a(lib_a-findfp.o)
                0x0000ec14                __sfmoreglue
 .text.__sinit  0x0000ec40       0x60 c:/users/minif/.platformio/packages/toolchain-gccarmnoneeabi/bin/../lib/gcc/arm-none-eabi/7.2.1/../../../../arm-none-eabi/lib/thumb/v7e-m/fpv4-sp/hard\libc_nano.a(lib_a-findfp.o)
                0x0000ec40                __sinit
 .text.__sfp    0x0000eca0       0x78 c:/users/minif/.platformio/packages/toolchain-gccarmnoneeabi/bin/../lib/gcc/arm-none-eabi/7.2.1/../../../../arm-none-eabi/lib/thumb/v7e-m/fpv4-sp/hard\libc_nano.a(lib_a-findfp.o)
                0x0000eca0                __sfp
 .text._fwalk_reent
                0x0000ed18       0x3c c:/users/minif/.platformio/packages/toolchain-gccarmnoneeabi/bin/../lib/gcc/arm-none-eabi/7.2.1/../../../../arm-none-eabi/lib/thumb/v7e-m/fpv4-sp/hard\libc_nano.a(lib_a-fwalk.o)
                0x0000ed18                _fwalk_reent
 .text.rshift   0x0000ed54       0x74 c:/users/minif/.platformio/packages/toolchain-gccarmnoneeabi/bin/../lib/gcc/arm-none-eabi/7.2.1/../../../../arm-none-eabi/lib/thumb/v7e-m/fpv4-sp/hard\libc_nano.a(lib_a-gdtoa-gethex.o)
 .text.__hexdig_fun
                0x0000edc8       0x2a c:/users/minif/.platformio/packages/toolchain-gccarmnoneeabi/bin/../lib/gcc/arm-none-eabi/7.2.1/../../../../arm-none-eabi/lib/thumb/v7e-m/fpv4-sp/hard\libc_nano.a(lib_a-gdtoa-gethex.o)
                0x0000edc8                __hexdig_fun
 .text.__gethex
                0x0000edf2      0x442 c:/users/minif/.platformio/packages/toolchain-gccarmnoneeabi/bin/../lib/gcc/arm-none-eabi/7.2.1/../../../../arm-none-eabi/lib/thumb/v7e-m/fpv4-sp/hard\libc_nano.a(lib_a-gdtoa-gethex.o)
                0x0000edf2                __gethex
 .text.L_shift  0x0000f234       0x24 c:/users/minif/.platformio/packages/toolchain-gccarmnoneeabi/bin/../lib/gcc/arm-none-eabi/7.2.1/../../../../arm-none-eabi/lib/thumb/v7e-m/fpv4-sp/hard\libc_nano.a(lib_a-gdtoa-hexnan.o)
 .text.__match  0x0000f258       0x28 c:/users/minif/.platformio/packages/toolchain-gccarmnoneeabi/bin/../lib/gcc/arm-none-eabi/7.2.1/../../../../arm-none-eabi/lib/thumb/v7e-m/fpv4-sp/hard\libc_nano.a(lib_a-gdtoa-hexnan.o)
                0x0000f258                __match
 .text.__hexnan
                0x0000f280      0x120 c:/users/minif/.platformio/packages/toolchain-gccarmnoneeabi/bin/../lib/gcc/arm-none-eabi/7.2.1/../../../../arm-none-eabi/lib/thumb/v7e-m/fpv4-sp/hard\libc_nano.a(lib_a-gdtoa-hexnan.o)
                0x0000f280                __hexnan
 .text.__localeconv_l
                0x0000f3a0        0x4 c:/users/minif/.platformio/packages/toolchain-gccarmnoneeabi/bin/../lib/gcc/arm-none-eabi/7.2.1/../../../../arm-none-eabi/lib/thumb/v7e-m/fpv4-sp/hard\libc_nano.a(lib_a-localeconv.o)
                0x0000f3a0                __localeconv_l
 .text._localeconv_r
                0x0000f3a4       0x1c c:/users/minif/.platformio/packages/toolchain-gccarmnoneeabi/bin/../lib/gcc/arm-none-eabi/7.2.1/../../../../arm-none-eabi/lib/thumb/v7e-m/fpv4-sp/hard\libc_nano.a(lib_a-localeconv.o)
                0x0000f3a4                _localeconv_r
 .text          0x0000f3c0       0xa0 c:/users/minif/.platformio/packages/toolchain-gccarmnoneeabi/bin/../lib/gcc/arm-none-eabi/7.2.1/../../../../arm-none-eabi/lib/thumb/v7e-m/fpv4-sp/hard\libc_nano.a(lib_a-memchr.o)
                0x0000f3c0                memchr
 .text.__malloc_lock
                0x0000f460        0x2 c:/users/minif/.platformio/packages/toolchain-gccarmnoneeabi/bin/../lib/gcc/arm-none-eabi/7.2.1/../../../../arm-none-eabi/lib/thumb/v7e-m/fpv4-sp/hard\libc_nano.a(lib_a-mlock.o)
                0x0000f460                __malloc_lock
 .text.__malloc_unlock
                0x0000f462        0x2 c:/users/minif/.platformio/packages/toolchain-gccarmnoneeabi/bin/../lib/gcc/arm-none-eabi/7.2.1/../../../../arm-none-eabi/lib/thumb/v7e-m/fpv4-sp/hard\libc_nano.a(lib_a-mlock.o)
                0x0000f462                __malloc_unlock
 .text._Balloc  0x0000f464       0x68 c:/users/minif/.platformio/packages/toolchain-gccarmnoneeabi/bin/../lib/gcc/arm-none-eabi/7.2.1/../../../../arm-none-eabi/lib/thumb/v7e-m/fpv4-sp/hard\libc_nano.a(lib_a-mprec.o)
                0x0000f464                _Balloc
 .text._Bfree   0x0000f4cc       0x2e c:/users/minif/.platformio/packages/toolchain-gccarmnoneeabi/bin/../lib/gcc/arm-none-eabi/7.2.1/../../../../arm-none-eabi/lib/thumb/v7e-m/fpv4-sp/hard\libc_nano.a(lib_a-mprec.o)
                0x0000f4cc                _Bfree
 .text.__multadd
                0x0000f4fa       0x76 c:/users/minif/.platformio/packages/toolchain-gccarmnoneeabi/bin/../lib/gcc/arm-none-eabi/7.2.1/../../../../arm-none-eabi/lib/thumb/v7e-m/fpv4-sp/hard\libc_nano.a(lib_a-mprec.o)
                0x0000f4fa                __multadd
 .text.__s2b    0x0000f570       0x7c c:/users/minif/.platformio/packages/toolchain-gccarmnoneeabi/bin/../lib/gcc/arm-none-eabi/7.2.1/../../../../arm-none-eabi/lib/thumb/v7e-m/fpv4-sp/hard\libc_nano.a(lib_a-mprec.o)
                0x0000f570                __s2b
 .text.__hi0bits
                0x0000f5ec       0x3e c:/users/minif/.platformio/packages/toolchain-gccarmnoneeabi/bin/../lib/gcc/arm-none-eabi/7.2.1/../../../../arm-none-eabi/lib/thumb/v7e-m/fpv4-sp/hard\libc_nano.a(lib_a-mprec.o)
                0x0000f5ec                __hi0bits
 .text.__lo0bits
                0x0000f62a       0x5e c:/users/minif/.platformio/packages/toolchain-gccarmnoneeabi/bin/../lib/gcc/arm-none-eabi/7.2.1/../../../../arm-none-eabi/lib/thumb/v7e-m/fpv4-sp/hard\libc_nano.a(lib_a-mprec.o)
                0x0000f62a                __lo0bits
 .text.__i2b    0x0000f688       0x12 c:/users/minif/.platformio/packages/toolchain-gccarmnoneeabi/bin/../lib/gcc/arm-none-eabi/7.2.1/../../../../arm-none-eabi/lib/thumb/v7e-m/fpv4-sp/hard\libc_nano.a(lib_a-mprec.o)
                0x0000f688                __i2b
 .text.__multiply
                0x0000f69a      0x12c c:/users/minif/.platformio/packages/toolchain-gccarmnoneeabi/bin/../lib/gcc/arm-none-eabi/7.2.1/../../../../arm-none-eabi/lib/thumb/v7e-m/fpv4-sp/hard\libc_nano.a(lib_a-mprec.o)
                0x0000f69a                __multiply
 *fill*         0x0000f7c6        0x2 ff
 .text.__pow5mult
                0x0000f7c8       0x9c c:/users/minif/.platformio/packages/toolchain-gccarmnoneeabi/bin/../lib/gcc/arm-none-eabi/7.2.1/../../../../arm-none-eabi/lib/thumb/v7e-m/fpv4-sp/hard\libc_nano.a(lib_a-mprec.o)
                0x0000f7c8                __pow5mult
 .text.__lshift
                0x0000f864       0xa8 c:/users/minif/.platformio/packages/toolchain-gccarmnoneeabi/bin/../lib/gcc/arm-none-eabi/7.2.1/../../../../arm-none-eabi/lib/thumb/v7e-m/fpv4-sp/hard\libc_nano.a(lib_a-mprec.o)
                0x0000f864                __lshift
 .text.__mcmp   0x0000f90c       0x34 c:/users/minif/.platformio/packages/toolchain-gccarmnoneeabi/bin/../lib/gcc/arm-none-eabi/7.2.1/../../../../arm-none-eabi/lib/thumb/v7e-m/fpv4-sp/hard\libc_nano.a(lib_a-mprec.o)
                0x0000f90c                __mcmp
 .text.__mdiff  0x0000f940       0xba c:/users/minif/.platformio/packages/toolchain-gccarmnoneeabi/bin/../lib/gcc/arm-none-eabi/7.2.1/../../../../arm-none-eabi/lib/thumb/v7e-m/fpv4-sp/hard\libc_nano.a(lib_a-mprec.o)
                0x0000f940                __mdiff
 *fill*         0x0000f9fa        0x2 ff
 .text.__ulp    0x0000f9fc       0x50 c:/users/minif/.platformio/packages/toolchain-gccarmnoneeabi/bin/../lib/gcc/arm-none-eabi/7.2.1/../../../../arm-none-eabi/lib/thumb/v7e-m/fpv4-sp/hard\libc_nano.a(lib_a-mprec.o)
                0x0000f9fc                __ulp
 .text.__b2d    0x0000fa4c       0x9c c:/users/minif/.platformio/packages/toolchain-gccarmnoneeabi/bin/../lib/gcc/arm-none-eabi/7.2.1/../../../../arm-none-eabi/lib/thumb/v7e-m/fpv4-sp/hard\libc_nano.a(lib_a-mprec.o)
                0x0000fa4c                __b2d
 .text.__d2b    0x0000fae8       0x9e c:/users/minif/.platformio/packages/toolchain-gccarmnoneeabi/bin/../lib/gcc/arm-none-eabi/7.2.1/../../../../arm-none-eabi/lib/thumb/v7e-m/fpv4-sp/hard\libc_nano.a(lib_a-mprec.o)
                0x0000fae8                __d2b
 .text.__ratio  0x0000fb86       0x66 c:/users/minif/.platformio/packages/toolchain-gccarmnoneeabi/bin/../lib/gcc/arm-none-eabi/7.2.1/../../../../arm-none-eabi/lib/thumb/v7e-m/fpv4-sp/hard\libc_nano.a(lib_a-mprec.o)
                0x0000fb86                __ratio
 .text.__copybits
                0x0000fbec       0x34 c:/users/minif/.platformio/packages/toolchain-gccarmnoneeabi/bin/../lib/gcc/arm-none-eabi/7.2.1/../../../../arm-none-eabi/lib/thumb/v7e-m/fpv4-sp/hard\libc_nano.a(lib_a-mprec.o)
                0x0000fbec                __copybits
 .text.__any_on
                0x0000fc20       0x42 c:/users/minif/.platformio/packages/toolchain-gccarmnoneeabi/bin/../lib/gcc/arm-none-eabi/7.2.1/../../../../arm-none-eabi/lib/thumb/v7e-m/fpv4-sp/hard\libc_nano.a(lib_a-mprec.o)
                0x0000fc20                __any_on
 .text._calloc_r
                0x0000fc62       0x1c c:/users/minif/.platformio/packages/toolchain-gccarmnoneeabi/bin/../lib/gcc/arm-none-eabi/7.2.1/../../../../arm-none-eabi/lib/thumb/v7e-m/fpv4-sp/hard\libc_nano.a(lib_a-nano-callocr.o)
                0x0000fc62                _calloc_r
 .text._realloc_r
                0x0000fc7e       0x4c c:/users/minif/.platformio/packages/toolchain-gccarmnoneeabi/bin/../lib/gcc/arm-none-eabi/7.2.1/../../../../arm-none-eabi/lib/thumb/v7e-m/fpv4-sp/hard\libc_nano.a(lib_a-nano-reallocr.o)
                0x0000fc7e                _realloc_r
 .text.__ssputs_r
                0x0000fcca       0xb4 c:/users/minif/.platformio/packages/toolchain-gccarmnoneeabi/bin/../lib/gcc/arm-none-eabi/7.2.1/../../../../arm-none-eabi/lib/thumb/v7e-m/fpv4-sp/hard\libc_nano.a(lib_a-nano-svfprintf.o)
                0x0000fcca                __ssputs_r
 *fill*         0x0000fd7e        0x2 ff
 .text._svfprintf_r
                0x0000fd80      0x1ec c:/users/minif/.platformio/packages/toolchain-gccarmnoneeabi/bin/../lib/gcc/arm-none-eabi/7.2.1/../../../../arm-none-eabi/lib/thumb/v7e-m/fpv4-sp/hard\libc_nano.a(lib_a-nano-svfprintf.o)
                0x0000fd80                _svfiprintf_r
                0x0000fd80                _svfprintf_r
 .text.__sfputc_r
                0x0000ff6c       0x2e c:/users/minif/.platformio/packages/toolchain-gccarmnoneeabi/bin/../lib/gcc/arm-none-eabi/7.2.1/../../../../arm-none-eabi/lib/thumb/v7e-m/fpv4-sp/hard\libc_nano.a(lib_a-nano-vfprintf.o)
 .text.__sfputs_r
                0x0000ff9a       0x24 c:/users/minif/.platformio/packages/toolchain-gccarmnoneeabi/bin/../lib/gcc/arm-none-eabi/7.2.1/../../../../arm-none-eabi/lib/thumb/v7e-m/fpv4-sp/hard\libc_nano.a(lib_a-nano-vfprintf.o)
                0x0000ff9a                __sfputs_r
 *fill*         0x0000ffbe        0x2 ff
 .text._vfprintf_r
                0x0000ffc0      0x228 c:/users/minif/.platformio/packages/toolchain-gccarmnoneeabi/bin/../lib/gcc/arm-none-eabi/7.2.1/../../../../arm-none-eabi/lib/thumb/v7e-m/fpv4-sp/hard\libc_nano.a(lib_a-nano-vfprintf.o)
                0x0000ffc0                _vfprintf_r
                0x0000ffc0                _vfiprintf_r
 .text.__sread  0x000101e8       0x22 c:/users/minif/.platformio/packages/toolchain-gccarmnoneeabi/bin/../lib/gcc/arm-none-eabi/7.2.1/../../../../arm-none-eabi/lib/thumb/v7e-m/fpv4-sp/hard\libc_nano.a(lib_a-stdio.o)
                0x000101e8                __sread
 .text.__swrite
                0x0001020a       0x38 c:/users/minif/.platformio/packages/toolchain-gccarmnoneeabi/bin/../lib/gcc/arm-none-eabi/7.2.1/../../../../arm-none-eabi/lib/thumb/v7e-m/fpv4-sp/hard\libc_nano.a(lib_a-stdio.o)
                0x0001020a                __swrite
 .text.__sseek  0x00010242       0x24 c:/users/minif/.platformio/packages/toolchain-gccarmnoneeabi/bin/../lib/gcc/arm-none-eabi/7.2.1/../../../../arm-none-eabi/lib/thumb/v7e-m/fpv4-sp/hard\libc_nano.a(lib_a-stdio.o)
                0x00010242                __sseek
 .text.__sclose
                0x00010266        0x8 c:/users/minif/.platformio/packages/toolchain-gccarmnoneeabi/bin/../lib/gcc/arm-none-eabi/7.2.1/../../../../arm-none-eabi/lib/thumb/v7e-m/fpv4-sp/hard\libc_nano.a(lib_a-stdio.o)
                0x00010266                __sclose
 *fill*         0x0001026e        0x2 ff
 .text.__swbuf_r
                0x00010270       0xa4 c:/users/minif/.platformio/packages/toolchain-gccarmnoneeabi/bin/../lib/gcc/arm-none-eabi/7.2.1/../../../../arm-none-eabi/lib/thumb/v7e-m/fpv4-sp/hard\libc_nano.a(lib_a-wbuf.o)
                0x00010270                __swbuf_r
 .text._write_r
                0x00010314       0x24 c:/users/minif/.platformio/packages/toolchain-gccarmnoneeabi/bin/../lib/gcc/arm-none-eabi/7.2.1/../../../../arm-none-eabi/lib/thumb/v7e-m/fpv4-sp/hard\libc_nano.a(lib_a-writer.o)
                0x00010314                _write_r
 .text.__swsetup_r
                0x00010338       0xdc c:/users/minif/.platformio/packages/toolchain-gccarmnoneeabi/bin/../lib/gcc/arm-none-eabi/7.2.1/../../../../arm-none-eabi/lib/thumb/v7e-m/fpv4-sp/hard\libc_nano.a(lib_a-wsetup.o)
                0x00010338                __swsetup_r
 .text._close_r
                0x00010414       0x20 c:/users/minif/.platformio/packages/toolchain-gccarmnoneeabi/bin/../lib/gcc/arm-none-eabi/7.2.1/../../../../arm-none-eabi/lib/thumb/v7e-m/fpv4-sp/hard\libc_nano.a(lib_a-closer.o)
                0x00010414                _close_r
 .text.__sflush_r
                0x00010434      0x10c c:/users/minif/.platformio/packages/toolchain-gccarmnoneeabi/bin/../lib/gcc/arm-none-eabi/7.2.1/../../../../arm-none-eabi/lib/thumb/v7e-m/fpv4-sp/hard\libc_nano.a(lib_a-fflush.o)
                0x00010434                __sflush_r
 .text._fflush_r
                0x00010540       0x54 c:/users/minif/.platformio/packages/toolchain-gccarmnoneeabi/bin/../lib/gcc/arm-none-eabi/7.2.1/../../../../arm-none-eabi/lib/thumb/v7e-m/fpv4-sp/hard\libc_nano.a(lib_a-fflush.o)
                0x00010540                _fflush_r
 .text._lseek_r
                0x00010594       0x24 c:/users/minif/.platformio/packages/toolchain-gccarmnoneeabi/bin/../lib/gcc/arm-none-eabi/7.2.1/../../../../arm-none-eabi/lib/thumb/v7e-m/fpv4-sp/hard\libc_nano.a(lib_a-lseekr.o)
                0x00010594                _lseek_r
 .text.__swhatbuf_r